---
source: crates/pipeline-tests/tests/runner.rs
expression: parse_snap
---
id: tests/snippets/invalid/statements/branch.qasm
expect-parse: Diag
--- parser ---
ok: false
panicked: false
errors: 16
--- ast ---
SOURCE_FILE@0..177: 
if true x $0;
if false { x $0; }
if (myvar += 1) { x $0; }
if (int[8] myvar = 1) { x $0; }
if (true);
if (true) else x $0;
if (true) else (false) x $0;
if (reset $0) { x $1; }

IF_STMT@1..14: if true x $0;
TIMING_LITERAL@4..10: true x
LITERAL@4..8: true
IDENTIFIER@9..10: x
EXPR_STMT@11..14: $0;
HARDWARE_QUBIT@11..13: $0
IF_STMT@15..33: if false { x $0; }
LITERAL@18..23: false
BLOCK_EXPR@24..33: { x $0; }
EXPR_STMT@26..31: x $0;
GATE_CALL_EXPR@26..30: x $0
IDENTIFIER@26..27: x
QUBIT_LIST@28..30: $0
HARDWARE_QUBIT@28..30: $0
IF_STMT@34..59: if (myvar += 1) { x $0; }
BIN_EXPR@38..48: myvar += 1
IDENTIFIER@38..43: myvar
LITERAL@47..48: 1
BLOCK_EXPR@50..59: { x $0; }
EXPR_STMT@52..57: x $0;
GATE_CALL_EXPR@52..56: x $0
IDENTIFIER@52..53: x
QUBIT_LIST@54..56: $0
HARDWARE_QUBIT@54..56: $0
IF_STMT@60..91: if (int[8] myvar = 1) { x $0; }
CAST_EXPRESSION@64..81: int[8] myvar = 1)
SCALAR_TYPE@64..70: int[8]
DESIGNATOR@67..70: [8]
LITERAL@68..69: 8
ASSIGNMENT_STMT@71..80: myvar = 1
IDENTIFIER@71..76: myvar
LITERAL@79..80: 1
BLOCK_EXPR@82..91: { x $0; }
EXPR_STMT@84..89: x $0;
GATE_CALL_EXPR@84..88: x $0
IDENTIFIER@84..85: x
QUBIT_LIST@86..88: $0
HARDWARE_QUBIT@86..88: $0
IF_STMT@92..102: if (true);
LITERAL@96..100: true
IF_STMT@103..117: if (true) else
LITERAL@107..111: true
ERROR@113..117: else
EXPR_STMT@118..123: x $0;
GATE_CALL_EXPR@118..122: x $0
IDENTIFIER@118..119: x
QUBIT_LIST@120..122: $0
HARDWARE_QUBIT@120..122: $0
IF_STMT@124..138: if (true) else
LITERAL@128..132: true
ERROR@134..138: else
EXPR_STMT@139..146: (false)
PAREN_EXPR@139..146: (false)
LITERAL@140..145: false
EXPR_STMT@147..152: x $0;
GATE_CALL_EXPR@147..151: x $0
IDENTIFIER@147..148: x
QUBIT_LIST@149..151: $0
HARDWARE_QUBIT@149..151: $0
IF_STMT@153..165: if (reset $0
ERROR@157..162: reset
EXPR_STMT@163..165: $0
HARDWARE_QUBIT@163..165: $0
ERROR@165..166: )
EXPR_STMT@167..176: { x $1; }
BLOCK_EXPR@167..176: { x $1; }
EXPR_STMT@169..174: x $1;
GATE_CALL_EXPR@169..173: x $1
IDENTIFIER@169..170: x
QUBIT_LIST@171..173: $1
HARDWARE_QUBIT@171..173: $1
