---
source: crates/pipeline-tests/tests/runner.rs
expression: parse_snap
---
id: tests/snippets/reference/gate/gate_modifiers.qasm
expect-parse: Ok
--- parser ---
ok: true
panicked: false
errors: 0
--- ast ---
SOURCE_FILE@0..85: 
qubit q;
gate g q {}
ctrl(2) @ g q;
negctrl(3) @ g q;
pow(-1./2.) @ g q;
inv @ g q;

QUANTUM_DECLARATION_STATEMENT@1..9: qubit q;
QUBIT_TYPE@1..6: qubit
NAME@7..8: q
GATE@10..21: gate g q {}
NAME@15..16: g
PARAM_LIST@17..18: q
PARAM@17..18: q
BLOCK_EXPR@19..21: {}
EXPR_STMT@22..36: ctrl(2) @ g q;
MODIFIED_GATE_CALL_EXPR@22..35: ctrl(2) @ g q
CTRL_MODIFIER@22..31: ctrl(2) @
PAREN_EXPR@26..29: (2)
LITERAL@27..28: 2
GATE_CALL_EXPR@32..35: g q
IDENTIFIER@32..33: g
QUBIT_LIST@34..35: q
IDENTIFIER@34..35: q
EXPR_STMT@37..54: negctrl(3) @ g q;
MODIFIED_GATE_CALL_EXPR@37..53: negctrl(3) @ g q
NEG_CTRL_MODIFIER@37..49: negctrl(3) @
PAREN_EXPR@44..47: (3)
LITERAL@45..46: 3
GATE_CALL_EXPR@50..53: g q
IDENTIFIER@50..51: g
QUBIT_LIST@52..53: q
IDENTIFIER@52..53: q
EXPR_STMT@55..73: pow(-1./2.) @ g q;
MODIFIED_GATE_CALL_EXPR@55..72: pow(-1./2.) @ g q
POW_MODIFIER@55..68: pow(-1./2.) @
PAREN_EXPR@58..66: (-1./2.)
BIN_EXPR@59..65: -1./2.
PREFIX_EXPR@59..62: -1.
LITERAL@60..62: 1.
LITERAL@63..65: 2.
GATE_CALL_EXPR@69..72: g q
IDENTIFIER@69..70: g
QUBIT_LIST@71..72: q
IDENTIFIER@71..72: q
EXPR_STMT@74..84: inv @ g q;
MODIFIED_GATE_CALL_EXPR@74..83: inv @ g q
INV_MODIFIER@74..79: inv @
GATE_CALL_EXPR@80..83: g q
IDENTIFIER@80..81: g
QUBIT_LIST@82..83: q
IDENTIFIER@82..83: q
