---
source: crates/pipeline-tests/tests/runner.rs
expression: parse_snap
---
id: tests/snippets/reference/declaration/declaration.qasm
expect-parse: Ok
--- parser ---
ok: true
panicked: false
errors: 0
--- ast ---
SOURCE_FILE@0..567: 
// beware the tab character in dur4 = 8 ns below
  int[10] x;
  int[10] y;
  uint[32] z = 0xFa_1F;
  uint[32] z = 0XFa_1F;
  uint[16] z = 0o12_34;
  uint[16] z = 0b1001_1001;
  uint[16] z = 0B1001_1001;
  uint x;
  qubit[6] q1;
  qubit q2;
  bit[4] b1="0100";
  bit[8] b2="1001_0100";
  bit b2 = "1";
  bool m=true;
  bool n=bool(b2);
  bool o=false;
  const float[64] c = 5.5e3;
  const float[64] d=5;
  float[32] f = .1e+3;
  duration dur = 1000dt;
  duration dur2 = dur + 200ns;
  duration dur3 = 10 ms;
  duration dur4 = 8	us;
  duration dur5 = 1s;
  stretch s;

CLASSICAL_DECLARATION_STATEMENT@52..62: int[10] x;
SCALAR_TYPE@52..59: int[10]
DESIGNATOR@55..59: [10]
LITERAL@56..58: 10
NAME@60..61: x
CLASSICAL_DECLARATION_STATEMENT@65..75: int[10] y;
SCALAR_TYPE@65..72: int[10]
DESIGNATOR@68..72: [10]
LITERAL@69..71: 10
NAME@73..74: y
CLASSICAL_DECLARATION_STATEMENT@78..99: uint[32] z = 0xFa_1F;
SCALAR_TYPE@78..86: uint[32]
DESIGNATOR@82..86: [32]
LITERAL@83..85: 32
NAME@87..88: z
LITERAL@91..98: 0xFa_1F
CLASSICAL_DECLARATION_STATEMENT@102..123: uint[32] z = 0XFa_1F;
SCALAR_TYPE@102..110: uint[32]
DESIGNATOR@106..110: [32]
LITERAL@107..109: 32
NAME@111..112: z
LITERAL@115..122: 0XFa_1F
CLASSICAL_DECLARATION_STATEMENT@126..147: uint[16] z = 0o12_34;
SCALAR_TYPE@126..134: uint[16]
DESIGNATOR@130..134: [16]
LITERAL@131..133: 16
NAME@135..136: z
LITERAL@139..146: 0o12_34
CLASSICAL_DECLARATION_STATEMENT@150..175: uint[16] z = 0b1001_1001;
SCALAR_TYPE@150..158: uint[16]
DESIGNATOR@154..158: [16]
LITERAL@155..157: 16
NAME@159..160: z
LITERAL@163..174: 0b1001_1001
CLASSICAL_DECLARATION_STATEMENT@178..203: uint[16] z = 0B1001_1001;
SCALAR_TYPE@178..186: uint[16]
DESIGNATOR@182..186: [16]
LITERAL@183..185: 16
NAME@187..188: z
LITERAL@191..202: 0B1001_1001
CLASSICAL_DECLARATION_STATEMENT@206..213: uint x;
SCALAR_TYPE@206..210: uint
NAME@211..212: x
QUANTUM_DECLARATION_STATEMENT@216..228: qubit[6] q1;
QUBIT_TYPE@216..224: qubit[6]
DESIGNATOR@221..224: [6]
LITERAL@222..223: 6
NAME@225..227: q1
QUANTUM_DECLARATION_STATEMENT@231..240: qubit q2;
QUBIT_TYPE@231..236: qubit
NAME@237..239: q2
CLASSICAL_DECLARATION_STATEMENT@243..260: bit[4] b1="0100";
SCALAR_TYPE@243..249: bit[4]
DESIGNATOR@246..249: [4]
LITERAL@247..248: 4
NAME@250..252: b1
LITERAL@253..259: "0100"
CLASSICAL_DECLARATION_STATEMENT@263..285: bit[8] b2="1001_0100";
SCALAR_TYPE@263..269: bit[8]
DESIGNATOR@266..269: [8]
LITERAL@267..268: 8
NAME@270..272: b2
LITERAL@273..284: "1001_0100"
CLASSICAL_DECLARATION_STATEMENT@288..301: bit b2 = "1";
SCALAR_TYPE@288..291: bit
NAME@292..294: b2
LITERAL@297..300: "1"
CLASSICAL_DECLARATION_STATEMENT@304..316: bool m=true;
SCALAR_TYPE@304..308: bool
NAME@309..310: m
LITERAL@311..315: true
CLASSICAL_DECLARATION_STATEMENT@319..335: bool n=bool(b2);
SCALAR_TYPE@319..323: bool
NAME@324..325: n
CAST_EXPRESSION@326..334: bool(b2)
SCALAR_TYPE@326..330: bool
IDENTIFIER@331..333: b2
CLASSICAL_DECLARATION_STATEMENT@338..351: bool o=false;
SCALAR_TYPE@338..342: bool
NAME@343..344: o
LITERAL@345..350: false
CLASSICAL_DECLARATION_STATEMENT@354..380: const float[64] c = 5.5e3;
SCALAR_TYPE@360..369: float[64]
DESIGNATOR@365..369: [64]
LITERAL@366..368: 64
NAME@370..371: c
LITERAL@374..379: 5.5e3
CLASSICAL_DECLARATION_STATEMENT@383..403: const float[64] d=5;
SCALAR_TYPE@389..398: float[64]
DESIGNATOR@394..398: [64]
LITERAL@395..397: 64
NAME@399..400: d
LITERAL@401..402: 5
CLASSICAL_DECLARATION_STATEMENT@406..426: float[32] f = .1e+3;
SCALAR_TYPE@406..415: float[32]
DESIGNATOR@411..415: [32]
LITERAL@412..414: 32
NAME@416..417: f
LITERAL@420..425: .1e+3
CLASSICAL_DECLARATION_STATEMENT@429..451: duration dur = 1000dt;
SCALAR_TYPE@429..437: duration
NAME@438..441: dur
TIMING_LITERAL@444..450: 1000dt
LITERAL@444..448: 1000
IDENTIFIER@448..450: dt
CLASSICAL_DECLARATION_STATEMENT@454..482: duration dur2 = dur + 200ns;
SCALAR_TYPE@454..462: duration
NAME@463..467: dur2
BIN_EXPR@470..481: dur + 200ns
IDENTIFIER@470..473: dur
TIMING_LITERAL@476..481: 200ns
LITERAL@476..479: 200
IDENTIFIER@479..481: ns
CLASSICAL_DECLARATION_STATEMENT@485..507: duration dur3 = 10 ms;
SCALAR_TYPE@485..493: duration
NAME@494..498: dur3
TIMING_LITERAL@501..506: 10 ms
LITERAL@501..503: 10
IDENTIFIER@504..506: ms
CLASSICAL_DECLARATION_STATEMENT@510..531: duration dur4 = 8	us;
SCALAR_TYPE@510..518: duration
NAME@519..523: dur4
TIMING_LITERAL@526..530: 8	us
LITERAL@526..527: 8
IDENTIFIER@528..530: us
CLASSICAL_DECLARATION_STATEMENT@534..553: duration dur5 = 1s;
SCALAR_TYPE@534..542: duration
NAME@543..547: dur5
TIMING_LITERAL@550..552: 1s
LITERAL@550..551: 1
IDENTIFIER@551..552: s
CLASSICAL_DECLARATION_STATEMENT@556..566: stretch s;
SCALAR_TYPE@556..563: stretch
NAME@564..565: s
