---
source: crates/pipeline-tests/tests/runner.rs
expression: lex_snap
---
id: tests/snippets/reference/comments/comments.qasm
expect-lex: Ok
--- source ---

OPENQASM 3.0;
// Line comment before include
include "stdgates.inc"; // Inline comment
/* Block comment before declaration */
qubit[2] q; /* Inline block comment */

// Comment before gate
h q[0]; // Gate with comment
/* Multi-line block comment
   spanning multiple lines */
cx q[0], q[1];
--- lexer ---
ok: true
errors: 0
[0] Whitespace "\n" @0..1
[1] Ident "OPENQASM" @1..9
[2] Whitespace " " @9..10
[3] Literal { kind: Float { base: Decimal, empty_exponent: false }, suffix_start: 3 } "3.0" @10..13
[4] Semi ";" @13..14
[5] Whitespace "\n" @14..15
[6] LineComment "// Line comment before include" @15..45
[7] Whitespace "\n" @45..46
[8] Ident "include" @46..53
[9] Whitespace " " @53..54
[10] Literal { kind: Str { terminated: true }, suffix_start: 14 } ""stdgates.inc"" @54..68
[11] Semi ";" @68..69
[12] Whitespace " " @69..70
[13] LineComment "// Inline comment" @70..87
[14] Whitespace "\n" @87..88
[15] BlockComment { terminated: true } "/* Block comment before declaration */" @88..126
[16] Whitespace "\n" @126..127
[17] Ident "qubit" @127..132
[18] OpenBracket "[" @132..133
[19] Literal { kind: Int { base: Decimal, empty_int: false }, suffix_start: 1 } "2" @133..134
[20] CloseBracket "]" @134..135
[21] Whitespace " " @135..136
[22] Ident "q" @136..137
[23] Semi ";" @137..138
[24] Whitespace " " @138..139
[25] BlockComment { terminated: true } "/* Inline block comment */" @139..165
[26] Whitespace "\n\n" @165..167
[27] LineComment "// Comment before gate" @167..189
[28] Whitespace "\n" @189..190
[29] Ident "h" @190..191
[30] Whitespace " " @191..192
[31] Ident "q" @192..193
[32] OpenBracket "[" @193..194
[33] Literal { kind: Int { base: Decimal, empty_int: false }, suffix_start: 1 } "0" @194..195
[34] CloseBracket "]" @195..196
[35] Semi ";" @196..197
[36] Whitespace " " @197..198
[37] LineComment "// Gate with comment" @198..218
[38] Whitespace "\n" @218..219
[39] BlockComment { terminated: true } "/* Multi-line block comment\n   spanning multiple lines */" @219..276
[40] Whitespace "\n" @276..277
[41] Ident "cx" @277..279
[42] Whitespace " " @279..280
[43] Ident "q" @280..281
[44] OpenBracket "[" @281..282
[45] Literal { kind: Int { base: Decimal, empty_int: false }, suffix_start: 1 } "0" @282..283
[46] CloseBracket "]" @283..284
[47] Comma "," @284..285
[48] Whitespace " " @285..286
[49] Ident "q" @286..287
[50] OpenBracket "[" @287..288
[51] Literal { kind: Int { base: Decimal, empty_int: false }, suffix_start: 1 } "1" @288..289
[52] CloseBracket "]" @289..290
[53] Semi ";" @290..291
[54] Whitespace "\n" @291..292
