---
source: crates/pipeline-tests/tests/runner.rs
expression: parse_snap
---
id: tests/snippets/reference/expression/unary_expr.qasm
expect-parse: Ok
--- parser ---
ok: true
panicked: false
errors: 0
--- ast ---
SOURCE_FILE@0..49: // lex: ok
// parse: ok
// sema: panic

!my_var;

EXPR_STMT@40..48: !my_var;
PREFIX_EXPR@40..47: !my_var
IDENTIFIER@41..47: my_var
