---
source: crates/pipeline-tests/tests/runner.rs
expression: lex_snap
---
id: tests/snippets/reference/assignment/alias.qasm
expect-lex: Ok
--- source ---

bit[2] a;
creg b[2];
qubit[5] q1;
qreg q2[7];
let q = q1 ++ q2;
let c = a[{0,1}] ++ b[1:2];
let qq = q1[{1,3,4}];
let qqq = qq ++ q2[1:2:6];
let d = c;
let e = d[1];
--- lexer ---
ok: true
errors: 0
[0] Whitespace "\n" @0..1
[1] Ident "bit" @1..4
[2] OpenBracket "[" @4..5
[3] Literal { kind: Int { base: Decimal, empty_int: false }, suffix_start: 1 } "2" @5..6
[4] CloseBracket "]" @6..7
[5] Whitespace " " @7..8
[6] Ident "a" @8..9
[7] Semi ";" @9..10
[8] Whitespace "\n" @10..11
[9] Ident "creg" @11..15
[10] Whitespace " " @15..16
[11] Ident "b" @16..17
[12] OpenBracket "[" @17..18
[13] Literal { kind: Int { base: Decimal, empty_int: false }, suffix_start: 1 } "2" @18..19
[14] CloseBracket "]" @19..20
[15] Semi ";" @20..21
[16] Whitespace "\n" @21..22
[17] Ident "qubit" @22..27
[18] OpenBracket "[" @27..28
[19] Literal { kind: Int { base: Decimal, empty_int: false }, suffix_start: 1 } "5" @28..29
[20] CloseBracket "]" @29..30
[21] Whitespace " " @30..31
[22] Ident "q1" @31..33
[23] Semi ";" @33..34
[24] Whitespace "\n" @34..35
[25] Ident "qreg" @35..39
[26] Whitespace " " @39..40
[27] Ident "q2" @40..42
[28] OpenBracket "[" @42..43
[29] Literal { kind: Int { base: Decimal, empty_int: false }, suffix_start: 1 } "7" @43..44
[30] CloseBracket "]" @44..45
[31] Semi ";" @45..46
[32] Whitespace "\n" @46..47
[33] Ident "let" @47..50
[34] Whitespace " " @50..51
[35] Ident "q" @51..52
[36] Whitespace " " @52..53
[37] Eq "=" @53..54
[38] Whitespace " " @54..55
[39] Ident "q1" @55..57
[40] Whitespace " " @57..58
[41] Plus "+" @58..59
[42] Plus "+" @59..60
[43] Whitespace " " @60..61
[44] Ident "q2" @61..63
[45] Semi ";" @63..64
[46] Whitespace "\n" @64..65
[47] Ident "let" @65..68
[48] Whitespace " " @68..69
[49] Ident "c" @69..70
[50] Whitespace " " @70..71
[51] Eq "=" @71..72
[52] Whitespace " " @72..73
[53] Ident "a" @73..74
[54] OpenBracket "[" @74..75
[55] OpenBrace "{" @75..76
[56] Literal { kind: Int { base: Decimal, empty_int: false }, suffix_start: 1 } "0" @76..77
[57] Comma "," @77..78
[58] Literal { kind: Int { base: Decimal, empty_int: false }, suffix_start: 1 } "1" @78..79
[59] CloseBrace "}" @79..80
[60] CloseBracket "]" @80..81
[61] Whitespace " " @81..82
[62] Plus "+" @82..83
[63] Plus "+" @83..84
[64] Whitespace " " @84..85
[65] Ident "b" @85..86
[66] OpenBracket "[" @86..87
[67] Literal { kind: Int { base: Decimal, empty_int: false }, suffix_start: 1 } "1" @87..88
[68] Colon ":" @88..89
[69] Literal { kind: Int { base: Decimal, empty_int: false }, suffix_start: 1 } "2" @89..90
[70] CloseBracket "]" @90..91
[71] Semi ";" @91..92
[72] Whitespace "\n" @92..93
[73] Ident "let" @93..96
[74] Whitespace " " @96..97
[75] Ident "qq" @97..99
[76] Whitespace " " @99..100
[77] Eq "=" @100..101
[78] Whitespace " " @101..102
[79] Ident "q1" @102..104
[80] OpenBracket "[" @104..105
[81] OpenBrace "{" @105..106
[82] Literal { kind: Int { base: Decimal, empty_int: false }, suffix_start: 1 } "1" @106..107
[83] Comma "," @107..108
[84] Literal { kind: Int { base: Decimal, empty_int: false }, suffix_start: 1 } "3" @108..109
[85] Comma "," @109..110
[86] Literal { kind: Int { base: Decimal, empty_int: false }, suffix_start: 1 } "4" @110..111
[87] CloseBrace "}" @111..112
[88] CloseBracket "]" @112..113
[89] Semi ";" @113..114
[90] Whitespace "\n" @114..115
[91] Ident "let" @115..118
[92] Whitespace " " @118..119
[93] Ident "qqq" @119..122
[94] Whitespace " " @122..123
[95] Eq "=" @123..124
[96] Whitespace " " @124..125
[97] Ident "qq" @125..127
[98] Whitespace " " @127..128
[99] Plus "+" @128..129
[100] Plus "+" @129..130
[101] Whitespace " " @130..131
[102] Ident "q2" @131..133
[103] OpenBracket "[" @133..134
[104] Literal { kind: Int { base: Decimal, empty_int: false }, suffix_start: 1 } "1" @134..135
[105] Colon ":" @135..136
[106] Literal { kind: Int { base: Decimal, empty_int: false }, suffix_start: 1 } "2" @136..137
[107] Colon ":" @137..138
[108] Literal { kind: Int { base: Decimal, empty_int: false }, suffix_start: 1 } "6" @138..139
[109] CloseBracket "]" @139..140
[110] Semi ";" @140..141
[111] Whitespace "\n" @141..142
[112] Ident "let" @142..145
[113] Whitespace " " @145..146
[114] Ident "d" @146..147
[115] Whitespace " " @147..148
[116] Eq "=" @148..149
[117] Whitespace " " @149..150
[118] Ident "c" @150..151
[119] Semi ";" @151..152
[120] Whitespace "\n" @152..153
[121] Ident "let" @153..156
[122] Whitespace " " @156..157
[123] Ident "e" @157..158
[124] Whitespace " " @158..159
[125] Eq "=" @159..160
[126] Whitespace " " @160..161
[127] Ident "d" @161..162
[128] OpenBracket "[" @162..163
[129] Literal { kind: Int { base: Decimal, empty_int: false }, suffix_start: 1 } "1" @163..164
[130] CloseBracket "]" @164..165
[131] Semi ";" @165..166
[132] Whitespace "\n" @166..167
