---
source: crates/pipeline-tests/tests/runner.rs
expression: parse_snap
---
id: tests/snippets/reference/declaration/array.qasm
expect-parse: Todo
--- parser ---
ok: false
panicked: false
errors: 23
--- ast ---
SOURCE_FILE@0..443: 
array[uint[16], 1] x;
array[int[8], 4] x;
array[float[64], 4, 2] x;
array[angle[32], 4, 3, 2] x;
array[bit[8], 2] x;
array[bit[16], 2, 2] x;
array[complex[float[32]], 4] x;
array[bool, 3] x;
array[int[8], 4] x = {1, 2, 3, 4};
array[int[8], 4] x = y;
array[int[8], 2] x = {y, y+y};
array[uint[32], 2, 2] x = {{3, 4}, {2-3, 5*y}};
array[uint[32], 2, 2] x = {z, {2-3, 5*y}};
array[uint[32], 2, 2] x = {2*z, {1, 2}};
array[uint[32], 2, 2] x = y;

CLASSICAL_DECLARATION_STATEMENT@1..22: array[uint[16], 1] x;
ARRAY_TYPE@1..19: array[uint[16], 1]
SCALAR_TYPE@7..15: uint[16]
DESIGNATOR@11..15: [16]
LITERAL@12..14: 16
LITERAL@17..18: 1
NAME@20..21: x
CLASSICAL_DECLARATION_STATEMENT@23..42: array[int[8], 4] x;
ARRAY_TYPE@23..39: array[int[8], 4]
SCALAR_TYPE@29..35: int[8]
DESIGNATOR@32..35: [8]
LITERAL@33..34: 8
LITERAL@37..38: 4
NAME@40..41: x
CLASSICAL_DECLARATION_STATEMENT@43..68: array[float[64], 4, 2] x;
ARRAY_TYPE@43..65: array[float[64], 4, 2]
SCALAR_TYPE@49..58: float[64]
DESIGNATOR@54..58: [64]
LITERAL@55..57: 64
LITERAL@60..61: 4
LITERAL@63..64: 2
NAME@66..67: x
CLASSICAL_DECLARATION_STATEMENT@69..97: array[angle[32], 4, 3, 2] x;
ARRAY_TYPE@69..94: array[angle[32], 4, 3, 2]
SCALAR_TYPE@75..84: angle[32]
DESIGNATOR@80..84: [32]
LITERAL@81..83: 32
LITERAL@86..87: 4
LITERAL@89..90: 3
LITERAL@92..93: 2
NAME@95..96: x
CLASSICAL_DECLARATION_STATEMENT@98..117: array[bit[8], 2] x;
ARRAY_TYPE@98..114: array[bit[8], 2]
SCALAR_TYPE@104..110: bit[8]
DESIGNATOR@107..110: [8]
LITERAL@108..109: 8
LITERAL@112..113: 2
NAME@115..116: x
CLASSICAL_DECLARATION_STATEMENT@118..141: array[bit[16], 2, 2] x;
ARRAY_TYPE@118..138: array[bit[16], 2, 2]
SCALAR_TYPE@124..131: bit[16]
DESIGNATOR@127..131: [16]
LITERAL@128..130: 16
LITERAL@133..134: 2
LITERAL@136..137: 2
NAME@139..140: x
CLASSICAL_DECLARATION_STATEMENT@142..173: array[complex[float[32]], 4] x;
ARRAY_TYPE@142..170: array[complex[float[32]], 4]
SCALAR_TYPE@148..166: complex[float[32]]
SCALAR_TYPE@156..165: float[32]
DESIGNATOR@161..165: [32]
LITERAL@162..164: 32
LITERAL@168..169: 4
NAME@171..172: x
CLASSICAL_DECLARATION_STATEMENT@174..191: array[bool, 3] x;
ARRAY_TYPE@174..188: array[bool, 3]
SCALAR_TYPE@180..184: bool
LITERAL@186..187: 3
NAME@189..190: x
CLASSICAL_DECLARATION_STATEMENT@192..226: array[int[8], 4] x = {1, 2, 3, 4};
ARRAY_TYPE@192..208: array[int[8], 4]
SCALAR_TYPE@198..204: int[8]
DESIGNATOR@201..204: [8]
LITERAL@202..203: 8
LITERAL@206..207: 4
NAME@209..210: x
BLOCK_EXPR@213..225: {1, 2, 3, 4}
EXPR_STMT@214..215: 1
LITERAL@214..215: 1
ERROR@215..216: ,
EXPR_STMT@217..218: 2
LITERAL@217..218: 2
ERROR@218..219: ,
EXPR_STMT@220..221: 3
LITERAL@220..221: 3
ERROR@221..222: ,
LITERAL@223..224: 4
CLASSICAL_DECLARATION_STATEMENT@227..250: array[int[8], 4] x = y;
ARRAY_TYPE@227..243: array[int[8], 4]
SCALAR_TYPE@233..239: int[8]
DESIGNATOR@236..239: [8]
LITERAL@237..238: 8
LITERAL@241..242: 4
NAME@244..245: x
IDENTIFIER@248..249: y
CLASSICAL_DECLARATION_STATEMENT@251..281: array[int[8], 2] x = {y, y+y};
ARRAY_TYPE@251..267: array[int[8], 2]
SCALAR_TYPE@257..263: int[8]
DESIGNATOR@260..263: [8]
LITERAL@261..262: 8
LITERAL@265..266: 2
NAME@268..269: x
BLOCK_EXPR@272..280: {y, y+y}
EXPR_STMT@273..274: y
IDENTIFIER@273..274: y
ERROR@274..275: ,
BIN_EXPR@276..279: y+y
IDENTIFIER@276..277: y
IDENTIFIER@278..279: y
CLASSICAL_DECLARATION_STATEMENT@282..329: array[uint[32], 2, 2] x = {{3, 4}, {2-3, 5*y}};
ARRAY_TYPE@282..303: array[uint[32], 2, 2]
SCALAR_TYPE@288..296: uint[32]
DESIGNATOR@292..296: [32]
LITERAL@293..295: 32
LITERAL@298..299: 2
LITERAL@301..302: 2
NAME@304..305: x
BLOCK_EXPR@308..328: {{3, 4}, {2-3, 5*y}}
EXPR_STMT@309..315: {3, 4}
BLOCK_EXPR@309..315: {3, 4}
EXPR_STMT@310..311: 3
LITERAL@310..311: 3
ERROR@311..312: ,
LITERAL@313..314: 4
ERROR@315..316: ,
BLOCK_EXPR@317..327: {2-3, 5*y}
EXPR_STMT@318..321: 2-3
BIN_EXPR@318..321: 2-3
LITERAL@318..319: 2
LITERAL@320..321: 3
ERROR@321..322: ,
BIN_EXPR@323..326: 5*y
LITERAL@323..324: 5
IDENTIFIER@325..326: y
CLASSICAL_DECLARATION_STATEMENT@330..372: array[uint[32], 2, 2] x = {z, {2-3, 5*y}};
ARRAY_TYPE@330..351: array[uint[32], 2, 2]
SCALAR_TYPE@336..344: uint[32]
DESIGNATOR@340..344: [32]
LITERAL@341..343: 32
LITERAL@346..347: 2
LITERAL@349..350: 2
NAME@352..353: x
BLOCK_EXPR@356..371: {z, {2-3, 5*y}}
EXPR_STMT@357..358: z
IDENTIFIER@357..358: z
ERROR@358..359: ,
BLOCK_EXPR@360..370: {2-3, 5*y}
EXPR_STMT@361..364: 2-3
BIN_EXPR@361..364: 2-3
LITERAL@361..362: 2
LITERAL@363..364: 3
ERROR@364..365: ,
BIN_EXPR@366..369: 5*y
LITERAL@366..367: 5
IDENTIFIER@368..369: y
CLASSICAL_DECLARATION_STATEMENT@373..413: array[uint[32], 2, 2] x = {2*z, {1, 2}};
ARRAY_TYPE@373..394: array[uint[32], 2, 2]
SCALAR_TYPE@379..387: uint[32]
DESIGNATOR@383..387: [32]
LITERAL@384..386: 32
LITERAL@389..390: 2
LITERAL@392..393: 2
NAME@395..396: x
BLOCK_EXPR@399..412: {2*z, {1, 2}}
EXPR_STMT@400..403: 2*z
BIN_EXPR@400..403: 2*z
LITERAL@400..401: 2
IDENTIFIER@402..403: z
ERROR@403..404: ,
BLOCK_EXPR@405..411: {1, 2}
EXPR_STMT@406..407: 1
LITERAL@406..407: 1
ERROR@407..408: ,
LITERAL@409..410: 2
CLASSICAL_DECLARATION_STATEMENT@414..442: array[uint[32], 2, 2] x = y;
ARRAY_TYPE@414..435: array[uint[32], 2, 2]
SCALAR_TYPE@420..428: uint[32]
DESIGNATOR@424..428: [32]
LITERAL@425..427: 32
LITERAL@430..431: 2
LITERAL@433..434: 2
NAME@436..437: x
IDENTIFIER@440..441: y
