---
source: crates/pipeline-tests/tests/runner.rs
expression: parse_snap
---
id: tests/snippets/reference/expression/binary_expr.qasm
expect-parse: Todo
--- parser ---
ok: false
panicked: false
errors: 2
--- ast ---
SOURCE_FILE@0..60: // lex: ok
// parse: todo
// sema: todo

2+2;
2**2;
x << y;

EXPR_STMT@41..45: 2+2;
BIN_EXPR@41..44: 2+2
LITERAL@41..42: 2
LITERAL@43..44: 2
EXPR_STMT@46..49: 2**
BIN_EXPR@46..49: 2**
LITERAL@46..47: 2
ERROR@48..49: *
EXPR_STMT@49..51: 2;
LITERAL@49..50: 2
EXPR_STMT@52..59: x << y;
BIN_EXPR@52..58: x << y
IDENTIFIER@52..53: x
IDENTIFIER@57..58: y
