---
source: crates/pipeline-tests/tests/runner.rs
expression: lex_snap
---
id: tests/snippets/reference/expression/sub_and_extern_call.qasm
expect-lex: Ok
--- source ---

bit x = sub_call(10, "01", q1[0], q2);
int[2] y = extern_call(0.5, 10dt);
ambiguous_call(pi);
--- lexer ---
ok: true
errors: 0
[0] Whitespace "\n" @0..1
[1] Ident "bit" @1..4
[2] Whitespace " " @4..5
[3] Ident "x" @5..6
[4] Whitespace " " @6..7
[5] Eq "=" @7..8
[6] Whitespace " " @8..9
[7] Ident "sub_call" @9..17
[8] OpenParen "(" @17..18
[9] Literal { kind: Int { base: Decimal, empty_int: false }, suffix_start: 2 } "10" @18..20
[10] Comma "," @20..21
[11] Whitespace " " @21..22
[12] Literal { kind: BitStr { terminated: true, consecutive_underscores: false }, suffix_start: 4 } ""01"" @22..26
[13] Comma "," @26..27
[14] Whitespace " " @27..28
[15] Ident "q1" @28..30
[16] OpenBracket "[" @30..31
[17] Literal { kind: Int { base: Decimal, empty_int: false }, suffix_start: 1 } "0" @31..32
[18] CloseBracket "]" @32..33
[19] Comma "," @33..34
[20] Whitespace " " @34..35
[21] Ident "q2" @35..37
[22] CloseParen ")" @37..38
[23] Semi ";" @38..39
[24] Whitespace "\n" @39..40
[25] Ident "int" @40..43
[26] OpenBracket "[" @43..44
[27] Literal { kind: Int { base: Decimal, empty_int: false }, suffix_start: 1 } "2" @44..45
[28] CloseBracket "]" @45..46
[29] Whitespace " " @46..47
[30] Ident "y" @47..48
[31] Whitespace " " @48..49
[32] Eq "=" @49..50
[33] Whitespace " " @50..51
[34] Ident "extern_call" @51..62
[35] OpenParen "(" @62..63
[36] Literal { kind: Float { base: Decimal, empty_exponent: false }, suffix_start: 3 } "0.5" @63..66
[37] Comma "," @66..67
[38] Whitespace " " @67..68
[39] Literal { kind: Int { base: Decimal, empty_int: false }, suffix_start: 2 } "10" @68..70
[40] Ident "dt" @70..72
[41] CloseParen ")" @72..73
[42] Semi ";" @73..74
[43] Whitespace "\n" @74..75
[44] Ident "ambiguous_call" @75..89
[45] OpenParen "(" @89..90
[46] Ident "pi" @90..92
[47] CloseParen ")" @92..93
[48] Semi ";" @93..94
[49] Whitespace "\n" @94..95
