---
source: crates/pipeline-tests/tests/runner.rs
expression: lex_snap
---
id: tests/snippets/reference/assignment/alias.qasm
expect-lex: Ok
--- source ---
// lex: ok
// parse: ok
// sema: todo

bit[2] a;
creg b[2];
qubit[5] q1;
qreg q2[7];
let q = q1 ++ q2;
let c = a[{0,1}] ++ b[1:2];
let qq = q1[{1,3,4}];
let qqq = qq ++ q2[1:2:6];
let d = c;
let e = d[1];
--- lexer ---
ok: true
errors: 0
[0] LineComment "// lex: ok" @0..10
[1] Whitespace "\n" @10..11
[2] LineComment "// parse: ok" @11..23
[3] Whitespace "\n" @23..24
[4] LineComment "// sema: todo" @24..37
[5] Whitespace "\n\n" @37..39
[6] Ident "bit" @39..42
[7] OpenBracket "[" @42..43
[8] Literal { kind: Int { base: Decimal, empty_int: false }, suffix_start: 1 } "2" @43..44
[9] CloseBracket "]" @44..45
[10] Whitespace " " @45..46
[11] Ident "a" @46..47
[12] Semi ";" @47..48
[13] Whitespace "\n" @48..49
[14] Ident "creg" @49..53
[15] Whitespace " " @53..54
[16] Ident "b" @54..55
[17] OpenBracket "[" @55..56
[18] Literal { kind: Int { base: Decimal, empty_int: false }, suffix_start: 1 } "2" @56..57
[19] CloseBracket "]" @57..58
[20] Semi ";" @58..59
[21] Whitespace "\n" @59..60
[22] Ident "qubit" @60..65
[23] OpenBracket "[" @65..66
[24] Literal { kind: Int { base: Decimal, empty_int: false }, suffix_start: 1 } "5" @66..67
[25] CloseBracket "]" @67..68
[26] Whitespace " " @68..69
[27] Ident "q1" @69..71
[28] Semi ";" @71..72
[29] Whitespace "\n" @72..73
[30] Ident "qreg" @73..77
[31] Whitespace " " @77..78
[32] Ident "q2" @78..80
[33] OpenBracket "[" @80..81
[34] Literal { kind: Int { base: Decimal, empty_int: false }, suffix_start: 1 } "7" @81..82
[35] CloseBracket "]" @82..83
[36] Semi ";" @83..84
[37] Whitespace "\n" @84..85
[38] Ident "let" @85..88
[39] Whitespace " " @88..89
[40] Ident "q" @89..90
[41] Whitespace " " @90..91
[42] Eq "=" @91..92
[43] Whitespace " " @92..93
[44] Ident "q1" @93..95
[45] Whitespace " " @95..96
[46] Plus "+" @96..97
[47] Plus "+" @97..98
[48] Whitespace " " @98..99
[49] Ident "q2" @99..101
[50] Semi ";" @101..102
[51] Whitespace "\n" @102..103
[52] Ident "let" @103..106
[53] Whitespace " " @106..107
[54] Ident "c" @107..108
[55] Whitespace " " @108..109
[56] Eq "=" @109..110
[57] Whitespace " " @110..111
[58] Ident "a" @111..112
[59] OpenBracket "[" @112..113
[60] OpenBrace "{" @113..114
[61] Literal { kind: Int { base: Decimal, empty_int: false }, suffix_start: 1 } "0" @114..115
[62] Comma "," @115..116
[63] Literal { kind: Int { base: Decimal, empty_int: false }, suffix_start: 1 } "1" @116..117
[64] CloseBrace "}" @117..118
[65] CloseBracket "]" @118..119
[66] Whitespace " " @119..120
[67] Plus "+" @120..121
[68] Plus "+" @121..122
[69] Whitespace " " @122..123
[70] Ident "b" @123..124
[71] OpenBracket "[" @124..125
[72] Literal { kind: Int { base: Decimal, empty_int: false }, suffix_start: 1 } "1" @125..126
[73] Colon ":" @126..127
[74] Literal { kind: Int { base: Decimal, empty_int: false }, suffix_start: 1 } "2" @127..128
[75] CloseBracket "]" @128..129
[76] Semi ";" @129..130
[77] Whitespace "\n" @130..131
[78] Ident "let" @131..134
[79] Whitespace " " @134..135
[80] Ident "qq" @135..137
[81] Whitespace " " @137..138
[82] Eq "=" @138..139
[83] Whitespace " " @139..140
[84] Ident "q1" @140..142
[85] OpenBracket "[" @142..143
[86] OpenBrace "{" @143..144
[87] Literal { kind: Int { base: Decimal, empty_int: false }, suffix_start: 1 } "1" @144..145
[88] Comma "," @145..146
[89] Literal { kind: Int { base: Decimal, empty_int: false }, suffix_start: 1 } "3" @146..147
[90] Comma "," @147..148
[91] Literal { kind: Int { base: Decimal, empty_int: false }, suffix_start: 1 } "4" @148..149
[92] CloseBrace "}" @149..150
[93] CloseBracket "]" @150..151
[94] Semi ";" @151..152
[95] Whitespace "\n" @152..153
[96] Ident "let" @153..156
[97] Whitespace " " @156..157
[98] Ident "qqq" @157..160
[99] Whitespace " " @160..161
[100] Eq "=" @161..162
[101] Whitespace " " @162..163
[102] Ident "qq" @163..165
[103] Whitespace " " @165..166
[104] Plus "+" @166..167
[105] Plus "+" @167..168
[106] Whitespace " " @168..169
[107] Ident "q2" @169..171
[108] OpenBracket "[" @171..172
[109] Literal { kind: Int { base: Decimal, empty_int: false }, suffix_start: 1 } "1" @172..173
[110] Colon ":" @173..174
[111] Literal { kind: Int { base: Decimal, empty_int: false }, suffix_start: 1 } "2" @174..175
[112] Colon ":" @175..176
[113] Literal { kind: Int { base: Decimal, empty_int: false }, suffix_start: 1 } "6" @176..177
[114] CloseBracket "]" @177..178
[115] Semi ";" @178..179
[116] Whitespace "\n" @179..180
[117] Ident "let" @180..183
[118] Whitespace " " @183..184
[119] Ident "d" @184..185
[120] Whitespace " " @185..186
[121] Eq "=" @186..187
[122] Whitespace " " @187..188
[123] Ident "c" @188..189
[124] Semi ";" @189..190
[125] Whitespace "\n" @190..191
[126] Ident "let" @191..194
[127] Whitespace " " @194..195
[128] Ident "e" @195..196
[129] Whitespace " " @196..197
[130] Eq "=" @197..198
[131] Whitespace " " @198..199
[132] Ident "d" @199..200
[133] OpenBracket "[" @200..201
[134] Literal { kind: Int { base: Decimal, empty_int: false }, suffix_start: 1 } "1" @201..202
[135] CloseBracket "]" @202..203
[136] Semi ";" @203..204
[137] Whitespace "\n" @204..205
