---
source: crates/pipeline-tests/tests/runner.rs
expression: parse_snap
---
id: tests/snippets/invalid/statements/gate_applications.qasm
expect-parse: Diag
--- parser ---
ok: false
panicked: false
errors: 37
--- ast ---
SOURCE_FILE@0..237: 
U (1)(2) $0;
notmodifier @ x $0;
pow @ x $0;
pow(2, 3) @ x $0;
ctrl(2, 3) @ x $0, $1;
negctrl(2, 3) @ x $0, $1;
inv(1) @ ctrl @ x $0, $1;

// Global phase is defined in the grammar to be the last modifier.
gphase(pi) @ ctrl @ x $0, $1;

EXPR_STMT@1..13: U (1)(2) $0;
GATE_CALL_EXPR@1..12: U (1)(2) $0
CALL_EXPR@1..6: U (1)
IDENTIFIER@1..2: U
ARG_LIST@3..6: (1)
EXPRESSION_LIST@3..6: (1)
LITERAL@4..5: 1
ARG_LIST@6..9: (2)
EXPRESSION_LIST@6..9: (2)
LITERAL@7..8: 2
QUBIT_LIST@10..12: $0
HARDWARE_QUBIT@10..12: $0
EXPR_STMT@14..25: notmodifier
IDENTIFIER@14..25: notmodifier
ERROR@26..27: @
EXPR_STMT@28..33: x $0;
GATE_CALL_EXPR@28..32: x $0
IDENTIFIER@28..29: x
QUBIT_LIST@30..32: $0
HARDWARE_QUBIT@30..32: $0
EXPR_STMT@34..45: pow @ x $0;
MODIFIED_GATE_CALL_EXPR@34..44: pow @ x $0
POW_MODIFIER@34..39: pow @
GATE_CALL_EXPR@40..44: x $0
IDENTIFIER@40..41: x
QUBIT_LIST@42..44: $0
HARDWARE_QUBIT@42..44: $0
EXPR_STMT@46..51: pow(2
MODIFIED_GATE_CALL_EXPR@46..51: pow(2
POW_MODIFIER@46..51: pow(2
PAREN_EXPR@49..51: (2
LITERAL@50..51: 2
GATE_CALL_EXPR@51..51: 
IDENTIFIER@51..51: 
QUBIT_LIST@51..51: 
ERROR@51..52: ,
EXPR_STMT@53..54: 3
LITERAL@53..54: 3
ERROR@54..55: )
ERROR@56..57: @
EXPR_STMT@58..63: x $0;
GATE_CALL_EXPR@58..62: x $0
IDENTIFIER@58..59: x
QUBIT_LIST@60..62: $0
HARDWARE_QUBIT@60..62: $0
EXPR_STMT@64..70: ctrl(2
MODIFIED_GATE_CALL_EXPR@64..70: ctrl(2
CTRL_MODIFIER@64..70: ctrl(2
PAREN_EXPR@68..70: (2
LITERAL@69..70: 2
GATE_CALL_EXPR@70..70: 
IDENTIFIER@70..70: 
QUBIT_LIST@70..70: 
ERROR@70..71: ,
EXPR_STMT@72..73: 3
LITERAL@72..73: 3
ERROR@73..74: )
ERROR@75..76: @
EXPR_STMT@77..86: x $0, $1;
GATE_CALL_EXPR@77..85: x $0, $1
IDENTIFIER@77..78: x
QUBIT_LIST@79..85: $0, $1
HARDWARE_QUBIT@79..81: $0
HARDWARE_QUBIT@83..85: $1
EXPR_STMT@87..96: negctrl(2
MODIFIED_GATE_CALL_EXPR@87..96: negctrl(2
NEG_CTRL_MODIFIER@87..96: negctrl(2
PAREN_EXPR@94..96: (2
LITERAL@95..96: 2
GATE_CALL_EXPR@96..96: 
IDENTIFIER@96..96: 
QUBIT_LIST@96..96: 
ERROR@96..97: ,
EXPR_STMT@98..99: 3
LITERAL@98..99: 3
ERROR@99..100: )
ERROR@101..102: @
EXPR_STMT@103..112: x $0, $1;
GATE_CALL_EXPR@103..111: x $0, $1
IDENTIFIER@103..104: x
QUBIT_LIST@105..111: $0, $1
HARDWARE_QUBIT@105..107: $0
HARDWARE_QUBIT@109..111: $1
EXPR_STMT@113..120: inv(1) 
MODIFIED_GATE_CALL_EXPR@113..120: inv(1) 
INV_MODIFIER@113..116: inv
GATE_CALL_EXPR@116..120: (1) 
IDENTIFIER@116..116: 
ARG_LIST@116..119: (1)
EXPRESSION_LIST@116..119: (1)
LITERAL@117..118: 1
QUBIT_LIST@120..120: 
ERROR@120..121: @
EXPR_STMT@122..138: ctrl @ x $0, $1;
MODIFIED_GATE_CALL_EXPR@122..137: ctrl @ x $0, $1
CTRL_MODIFIER@122..128: ctrl @
GATE_CALL_EXPR@129..137: x $0, $1
IDENTIFIER@129..130: x
QUBIT_LIST@131..137: $0, $1
HARDWARE_QUBIT@131..133: $0
HARDWARE_QUBIT@135..137: $1
EXPR_STMT@207..217: gphase(pi)
G_PHASE_CALL_EXPR@207..217: gphase(pi)
PAREN_EXPR@213..217: (pi)
IDENTIFIER@214..216: pi
ERROR@218..219: @
EXPR_STMT@220..236: ctrl @ x $0, $1;
MODIFIED_GATE_CALL_EXPR@220..235: ctrl @ x $0, $1
CTRL_MODIFIER@220..226: ctrl @
GATE_CALL_EXPR@227..235: x $0, $1
IDENTIFIER@227..228: x
QUBIT_LIST@229..235: $0, $1
HARDWARE_QUBIT@229..231: $0
HARDWARE_QUBIT@233..235: $1
