---
source: crates/pipeline-tests/tests/runner.rs
expression: parse_snap
---
id: tests/snippets/invalid/statements/switch.qasm
expect-parse: Diag
--- parser ---
ok: false
panicked: false
errors: 20
--- ast ---
SOURCE_FILE@0..147: 
switch () {}
switch (i) { x $0 }
switch (i) { case {} }
switch (i) { case 1,, {} }
switch (i) { default 0 {} }
switch (i) { default, default {} }

SWITCH_CASE_STMT@1..13: switch () {}
SWITCH_CASE_STMT@14..26: switch (i) {
IDENTIFIER@22..23: i
GATE_CALL_EXPR@27..31: x $0
IDENTIFIER@27..28: x
QUBIT_LIST@29..31: $0
HARDWARE_QUBIT@29..31: $0
ERROR@32..33: }
SWITCH_CASE_STMT@34..56: switch (i) { case {} }
IDENTIFIER@42..43: i
CASE_EXPR@47..54: case {}
EXPRESSION_LIST@52..52: 
BLOCK_EXPR@52..54: {}
SWITCH_CASE_STMT@57..77: switch (i) { case 1,
IDENTIFIER@65..66: i
CASE_EXPR@70..77: case 1,
EXPRESSION_LIST@75..77: 1,
LITERAL@75..76: 1
ERROR@77..78: ,
BLOCK_EXPR@79..81: {}
ERROR@82..83: }
SWITCH_CASE_STMT@84..104: switch (i) { default
IDENTIFIER@92..93: i
EXPR_STMT@105..106: 0
LITERAL@105..106: 0
BLOCK_EXPR@107..109: {}
ERROR@110..111: }
SWITCH_CASE_STMT@112..132: switch (i) { default
IDENTIFIER@120..121: i
ERROR@132..133: ,
ERROR@134..141: default
BLOCK_EXPR@142..144: {}
ERROR@145..146: }
