---
source: crates/pipeline-tests/tests/runner.rs
expression: parse_snap
---
id: tests/snippets/reference/subroutine/extern.qasm
expect-parse: Ok
--- parser ---
ok: true
panicked: false
errors: 0
--- ast ---
SOURCE_FILE@0..80: 
extern test_kern(bit[5], uint[10], float[16], complex[float[64]]) -> float[6];

EXTERN_STMT@1..79: extern test_kern(bit[5], uint[10], float[16], complex[float[64]]) -> float[6];
NAME@8..17: test_kern
TYPE_LIST@17..66: (bit[5], uint[10], float[16], complex[float[64]])
SCALAR_TYPE@18..24: bit[5]
SCALAR_TYPE@18..24: bit[5]
DESIGNATOR@21..24: [5]
LITERAL@22..23: 5
SCALAR_TYPE@26..34: uint[10]
SCALAR_TYPE@26..34: uint[10]
DESIGNATOR@30..34: [10]
LITERAL@31..33: 10
SCALAR_TYPE@36..45: float[16]
SCALAR_TYPE@36..45: float[16]
DESIGNATOR@41..45: [16]
LITERAL@42..44: 16
SCALAR_TYPE@47..65: complex[float[64]]
SCALAR_TYPE@47..65: complex[float[64]]
SCALAR_TYPE@55..64: float[64]
DESIGNATOR@60..64: [64]
LITERAL@61..63: 64
RETURN_SIGNATURE@67..78: -> float[6]
SCALAR_TYPE@70..78: float[6]
DESIGNATOR@75..78: [6]
LITERAL@76..77: 6
