---
source: crates/pipeline-tests/tests/runner.rs
expression: parse_snap
---
id: tests/snippets/reference/control_flow/branch_binop.qasm
expect-parse: Ok
--- parser ---
ok: true
panicked: false
errors: 0
--- ast ---
SOURCE_FILE@0..50: 
if(spec[i] == 0 && spec[n+i] == 1) {
  x q[i];
}

IF_STMT@1..49: if(spec[i] == 0 && spec[n+i] == 1) {
  x q[i];
}
BIN_EXPR@4..34: spec[i] == 0 && spec[n+i] == 1
BIN_EXPR@4..16: spec[i] == 0
INDEXED_IDENTIFIER@4..11: spec[i]
IDENTIFIER@4..8: spec
INDEX_OPERATOR@8..11: [i]
EXPRESSION_LIST@9..10: i
IDENTIFIER@9..10: i
LITERAL@15..16: 0
BIN_EXPR@20..34: spec[n+i] == 1
INDEXED_IDENTIFIER@20..29: spec[n+i]
IDENTIFIER@20..24: spec
INDEX_OPERATOR@24..29: [n+i]
EXPRESSION_LIST@25..28: n+i
BIN_EXPR@25..28: n+i
IDENTIFIER@25..26: n
IDENTIFIER@27..28: i
LITERAL@33..34: 1
BLOCK_EXPR@36..49: {
  x q[i];
}
EXPR_STMT@40..47: x q[i];
GATE_CALL_EXPR@40..46: x q[i]
IDENTIFIER@40..41: x
QUBIT_LIST@42..46: q[i]
INDEXED_IDENTIFIER@42..46: q[i]
IDENTIFIER@42..43: q
INDEX_OPERATOR@43..46: [i]
EXPRESSION_LIST@44..45: i
IDENTIFIER@44..45: i
