---
source: crates/pipeline-tests/tests/runner.rs
expression: parse_snap
---
id: tests/snippets/reference/assignment/slices.qasm
expect-parse: Ok
--- parser ---
ok: true
panicked: false
errors: 0
--- ast ---
SOURCE_FILE@0..366: 
array[uint[16], 2, 2] a = {{1, 2}, {3, 4}};
array[uint[16], 2, 4] b = {{1, 2, 3, 4}, {5, 6, 7, 8}};
// Various forms of testing that assignments can be made to indexed
// identifiers, and from indexed identifiers.
a = b[0:1][0:1];
a[0:1] = b[0:1][0:1];
a[0] = b[0][0:1];
a[0][0] = b[0][0];
a[0][0:1] = b[1][1:2:3];
a[0:1][0] = b[0:1][0];
a[0:1][0:1] = b[0:1][0:1];

CLASSICAL_DECLARATION_STATEMENT@1..44: array[uint[16], 2, 2] a = {{1, 2}, {3, 4}};
ARRAY_TYPE@1..22: array[uint[16], 2, 2]
SCALAR_TYPE@7..15: uint[16]
DESIGNATOR@11..15: [16]
LITERAL@12..14: 16
LITERAL@17..18: 2
LITERAL@20..21: 2
NAME@23..24: a
ARRAY_LITERAL@27..43: {{1, 2}, {3, 4}}
ARRAY_LITERAL@28..34: {1, 2}
LITERAL@29..30: 1
LITERAL@32..33: 2
ARRAY_LITERAL@36..42: {3, 4}
LITERAL@37..38: 3
LITERAL@40..41: 4
CLASSICAL_DECLARATION_STATEMENT@45..100: array[uint[16], 2, 4] b = {{1, 2, 3, 4}, {5, 6, 7, 8}};
ARRAY_TYPE@45..66: array[uint[16], 2, 4]
SCALAR_TYPE@51..59: uint[16]
DESIGNATOR@55..59: [16]
LITERAL@56..58: 16
LITERAL@61..62: 2
LITERAL@64..65: 4
NAME@67..68: b
ARRAY_LITERAL@71..99: {{1, 2, 3, 4}, {5, 6, 7, 8}}
ARRAY_LITERAL@72..84: {1, 2, 3, 4}
LITERAL@73..74: 1
LITERAL@76..77: 2
LITERAL@79..80: 3
LITERAL@82..83: 4
ARRAY_LITERAL@86..98: {5, 6, 7, 8}
LITERAL@87..88: 5
LITERAL@90..91: 6
LITERAL@93..94: 7
LITERAL@96..97: 8
ASSIGNMENT_STMT@215..231: a = b[0:1][0:1];
IDENTIFIER@215..216: a
INDEXED_IDENTIFIER@219..230: b[0:1][0:1]
IDENTIFIER@219..220: b
INDEX_OPERATOR@220..225: [0:1]
EXPRESSION_LIST@221..224: 0:1
RANGE_EXPR@221..224: 0:1
LITERAL@221..222: 0
LITERAL@223..224: 1
INDEX_OPERATOR@225..230: [0:1]
EXPRESSION_LIST@226..229: 0:1
RANGE_EXPR@226..229: 0:1
LITERAL@226..227: 0
LITERAL@228..229: 1
ASSIGNMENT_STMT@232..253: a[0:1] = b[0:1][0:1];
INDEXED_IDENTIFIER@232..238: a[0:1]
IDENTIFIER@232..233: a
INDEX_OPERATOR@233..238: [0:1]
EXPRESSION_LIST@234..237: 0:1
RANGE_EXPR@234..237: 0:1
LITERAL@234..235: 0
LITERAL@236..237: 1
INDEXED_IDENTIFIER@241..252: b[0:1][0:1]
IDENTIFIER@241..242: b
INDEX_OPERATOR@242..247: [0:1]
EXPRESSION_LIST@243..246: 0:1
RANGE_EXPR@243..246: 0:1
LITERAL@243..244: 0
LITERAL@245..246: 1
INDEX_OPERATOR@247..252: [0:1]
EXPRESSION_LIST@248..251: 0:1
RANGE_EXPR@248..251: 0:1
LITERAL@248..249: 0
LITERAL@250..251: 1
ASSIGNMENT_STMT@254..271: a[0] = b[0][0:1];
INDEXED_IDENTIFIER@254..258: a[0]
IDENTIFIER@254..255: a
INDEX_OPERATOR@255..258: [0]
EXPRESSION_LIST@256..257: 0
LITERAL@256..257: 0
INDEXED_IDENTIFIER@261..270: b[0][0:1]
IDENTIFIER@261..262: b
INDEX_OPERATOR@262..265: [0]
EXPRESSION_LIST@263..264: 0
LITERAL@263..264: 0
INDEX_OPERATOR@265..270: [0:1]
EXPRESSION_LIST@266..269: 0:1
RANGE_EXPR@266..269: 0:1
LITERAL@266..267: 0
LITERAL@268..269: 1
ASSIGNMENT_STMT@272..290: a[0][0] = b[0][0];
INDEXED_IDENTIFIER@272..279: a[0][0]
IDENTIFIER@272..273: a
INDEX_OPERATOR@273..276: [0]
EXPRESSION_LIST@274..275: 0
LITERAL@274..275: 0
INDEX_OPERATOR@276..279: [0]
EXPRESSION_LIST@277..278: 0
LITERAL@277..278: 0
INDEXED_IDENTIFIER@282..289: b[0][0]
IDENTIFIER@282..283: b
INDEX_OPERATOR@283..286: [0]
EXPRESSION_LIST@284..285: 0
LITERAL@284..285: 0
INDEX_OPERATOR@286..289: [0]
EXPRESSION_LIST@287..288: 0
LITERAL@287..288: 0
ASSIGNMENT_STMT@291..315: a[0][0:1] = b[1][1:2:3];
INDEXED_IDENTIFIER@291..300: a[0][0:1]
IDENTIFIER@291..292: a
INDEX_OPERATOR@292..295: [0]
EXPRESSION_LIST@293..294: 0
LITERAL@293..294: 0
INDEX_OPERATOR@295..300: [0:1]
EXPRESSION_LIST@296..299: 0:1
RANGE_EXPR@296..299: 0:1
LITERAL@296..297: 0
LITERAL@298..299: 1
INDEXED_IDENTIFIER@303..314: b[1][1:2:3]
IDENTIFIER@303..304: b
INDEX_OPERATOR@304..307: [1]
EXPRESSION_LIST@305..306: 1
LITERAL@305..306: 1
INDEX_OPERATOR@307..314: [1:2:3]
EXPRESSION_LIST@308..313: 1:2:3
RANGE_EXPR@308..313: 1:2:3
LITERAL@308..309: 1
LITERAL@310..311: 2
LITERAL@312..313: 3
ASSIGNMENT_STMT@316..338: a[0:1][0] = b[0:1][0];
INDEXED_IDENTIFIER@316..325: a[0:1][0]
IDENTIFIER@316..317: a
INDEX_OPERATOR@317..322: [0:1]
EXPRESSION_LIST@318..321: 0:1
RANGE_EXPR@318..321: 0:1
LITERAL@318..319: 0
LITERAL@320..321: 1
INDEX_OPERATOR@322..325: [0]
EXPRESSION_LIST@323..324: 0
LITERAL@323..324: 0
INDEXED_IDENTIFIER@328..337: b[0:1][0]
IDENTIFIER@328..329: b
INDEX_OPERATOR@329..334: [0:1]
EXPRESSION_LIST@330..333: 0:1
RANGE_EXPR@330..333: 0:1
LITERAL@330..331: 0
LITERAL@332..333: 1
INDEX_OPERATOR@334..337: [0]
EXPRESSION_LIST@335..336: 0
LITERAL@335..336: 0
ASSIGNMENT_STMT@339..365: a[0:1][0:1] = b[0:1][0:1];
INDEXED_IDENTIFIER@339..350: a[0:1][0:1]
IDENTIFIER@339..340: a
INDEX_OPERATOR@340..345: [0:1]
EXPRESSION_LIST@341..344: 0:1
RANGE_EXPR@341..344: 0:1
LITERAL@341..342: 0
LITERAL@343..344: 1
INDEX_OPERATOR@345..350: [0:1]
EXPRESSION_LIST@346..349: 0:1
RANGE_EXPR@346..349: 0:1
LITERAL@346..347: 0
LITERAL@348..349: 1
INDEXED_IDENTIFIER@353..364: b[0:1][0:1]
IDENTIFIER@353..354: b
INDEX_OPERATOR@354..359: [0:1]
EXPRESSION_LIST@355..358: 0:1
RANGE_EXPR@355..358: 0:1
LITERAL@355..356: 0
LITERAL@357..358: 1
INDEX_OPERATOR@359..364: [0:1]
EXPRESSION_LIST@360..363: 0:1
RANGE_EXPR@360..363: 0:1
LITERAL@360..361: 0
LITERAL@362..363: 1
