---
source: crates/pipeline-tests/tests/runner.rs
expression: lex_snap
---
id: tests/snippets/reference/expression/binary_expr.qasm
expect-lex: Ok
--- source ---

int x = 0;
int y = 1;

2+2;
2**2;
x << y;
--- lexer ---
ok: true
errors: 0
[0] Whitespace "\n" @0..1
[1] Ident "int" @1..4
[2] Whitespace " " @4..5
[3] Ident "x" @5..6
[4] Whitespace " " @6..7
[5] Eq "=" @7..8
[6] Whitespace " " @8..9
[7] Literal { kind: Int { base: Decimal, empty_int: false }, suffix_start: 1 } "0" @9..10
[8] Semi ";" @10..11
[9] Whitespace "\n" @11..12
[10] Ident "int" @12..15
[11] Whitespace " " @15..16
[12] Ident "y" @16..17
[13] Whitespace " " @17..18
[14] Eq "=" @18..19
[15] Whitespace " " @19..20
[16] Literal { kind: Int { base: Decimal, empty_int: false }, suffix_start: 1 } "1" @20..21
[17] Semi ";" @21..22
[18] Whitespace "\n\n" @22..24
[19] Literal { kind: Int { base: Decimal, empty_int: false }, suffix_start: 1 } "2" @24..25
[20] Plus "+" @25..26
[21] Literal { kind: Int { base: Decimal, empty_int: false }, suffix_start: 1 } "2" @26..27
[22] Semi ";" @27..28
[23] Whitespace "\n" @28..29
[24] Literal { kind: Int { base: Decimal, empty_int: false }, suffix_start: 1 } "2" @29..30
[25] Star "*" @30..31
[26] Star "*" @31..32
[27] Literal { kind: Int { base: Decimal, empty_int: false }, suffix_start: 1 } "2" @32..33
[28] Semi ";" @33..34
[29] Whitespace "\n" @34..35
[30] Ident "x" @35..36
[31] Whitespace " " @36..37
[32] Lt "<" @37..38
[33] Lt "<" @38..39
[34] Whitespace " " @39..40
[35] Ident "y" @40..41
[36] Semi ";" @41..42
[37] Whitespace "\n" @42..43
