---
source: crates/pipeline-tests/tests/runner.rs
expression: parse_snap
---
id: tests/snippets/reference/subroutine/array.qasm
expect-parse: Ok
--- parser ---
ok: true
panicked: false
errors: 0
--- ast ---
SOURCE_FILE@0..374: 
def test_array_1(mutable array[uint[16], 4, 2] a) {}
def test_array_2(readonly array[uint[16], 4, 2] a) {}
def test_array_3(mutable array[uint[16], #dim=2] a) {}
def test_array_4(readonly array[uint[16], #dim=2*n] a) {}
def test_array_5(readonly array[int[8], #dim=1] a, mutable array[complex[float[64]], #dim=3] b, readonly array[complex[float[64]], 2, 2] c) -> int[8] {}

DEF@1..53: def test_array_1(mutable array[uint[16], 4, 2] a) {}
NAME@5..17: test_array_1
TYPED_PARAM_LIST@17..50: (mutable array[uint[16], 4, 2] a)
TYPED_PARAM@18..49: mutable array[uint[16], 4, 2] a
ARRAY_TYPE@18..47: mutable array[uint[16], 4, 2]
SCALAR_TYPE@32..40: uint[16]
DESIGNATOR@36..40: [16]
LITERAL@37..39: 16
LITERAL@42..43: 4
LITERAL@45..46: 2
NAME@48..49: a
BLOCK_EXPR@51..53: {}
DEF@54..107: def test_array_2(readonly array[uint[16], 4, 2] a) {}
NAME@58..70: test_array_2
TYPED_PARAM_LIST@70..104: (readonly array[uint[16], 4, 2] a)
TYPED_PARAM@71..103: readonly array[uint[16], 4, 2] a
ARRAY_TYPE@71..101: readonly array[uint[16], 4, 2]
SCALAR_TYPE@86..94: uint[16]
DESIGNATOR@90..94: [16]
LITERAL@91..93: 16
LITERAL@96..97: 4
LITERAL@99..100: 2
NAME@102..103: a
BLOCK_EXPR@105..107: {}
DEF@108..162: def test_array_3(mutable array[uint[16], #dim=2] a) {}
NAME@112..124: test_array_3
TYPED_PARAM_LIST@124..159: (mutable array[uint[16], #dim=2] a)
TYPED_PARAM@125..158: mutable array[uint[16], #dim=2] a
ARRAY_TYPE@125..156: mutable array[uint[16], #dim=2]
SCALAR_TYPE@139..147: uint[16]
DESIGNATOR@143..147: [16]
LITERAL@144..146: 16
DIM_EXPR@149..156: #dim=2]
LITERAL@154..155: 2
NAME@157..158: a
BLOCK_EXPR@160..162: {}
DEF@163..220: def test_array_4(readonly array[uint[16], #dim=2*n] a) {}
NAME@167..179: test_array_4
TYPED_PARAM_LIST@179..217: (readonly array[uint[16], #dim=2*n] a)
TYPED_PARAM@180..216: readonly array[uint[16], #dim=2*n] a
ARRAY_TYPE@180..214: readonly array[uint[16], #dim=2*n]
SCALAR_TYPE@195..203: uint[16]
DESIGNATOR@199..203: [16]
LITERAL@200..202: 16
DIM_EXPR@205..214: #dim=2*n]
BIN_EXPR@210..213: 2*n
LITERAL@210..211: 2
IDENTIFIER@212..213: n
NAME@215..216: a
BLOCK_EXPR@218..220: {}
DEF@221..373: def test_array_5(readonly array[int[8], #dim=1] a, mutable array[complex[float[64]], #dim=3] b, readonly array[complex[float[64]], 2, 2] c) -> int[8] {}
NAME@225..237: test_array_5
TYPED_PARAM_LIST@237..360: (readonly array[int[8], #dim=1] a, mutable array[complex[float[64]], #dim=3] b, readonly array[complex[float[64]], 2, 2] c)
TYPED_PARAM@238..270: readonly array[int[8], #dim=1] a
ARRAY_TYPE@238..268: readonly array[int[8], #dim=1]
SCALAR_TYPE@253..259: int[8]
DESIGNATOR@256..259: [8]
LITERAL@257..258: 8
DIM_EXPR@261..268: #dim=1]
LITERAL@266..267: 1
NAME@269..270: a
TYPED_PARAM@272..315: mutable array[complex[float[64]], #dim=3] b
ARRAY_TYPE@272..313: mutable array[complex[float[64]], #dim=3]
SCALAR_TYPE@286..304: complex[float[64]]
SCALAR_TYPE@294..303: float[64]
DESIGNATOR@299..303: [64]
LITERAL@300..302: 64
DIM_EXPR@306..313: #dim=3]
LITERAL@311..312: 3
NAME@314..315: b
TYPED_PARAM@317..359: readonly array[complex[float[64]], 2, 2] c
ARRAY_TYPE@317..357: readonly array[complex[float[64]], 2, 2]
SCALAR_TYPE@332..350: complex[float[64]]
SCALAR_TYPE@340..349: float[64]
DESIGNATOR@345..349: [64]
LITERAL@346..348: 64
LITERAL@352..353: 2
LITERAL@355..356: 2
NAME@358..359: c
RETURN_SIGNATURE@361..370: -> int[8]
SCALAR_TYPE@364..370: int[8]
DESIGNATOR@367..370: [8]
LITERAL@368..369: 8
BLOCK_EXPR@371..373: {}
