---
source: crates/pipeline-tests/tests/runner.rs
expression: lex_snap
---
id: tests/snippets/reference/directives/annotations2.qasm
expect-lex: Ok
--- source ---

@bind [2:3]
input uint[16] x;

@rename other
output float[64] var;

@hello world
int[8] y;

@outer
def fn() {
  @inner word1
  uint[16] x;
  @inner word2
  return;
}

@first
@second @not_third
uint[16] z;

@binds tightly
x = 1; x = 2;
--- lexer ---
ok: true
errors: 0
[0] Whitespace "\n" @0..1
[1] Annotation "@bind [2:3]" @1..12
[2] Whitespace "\n" @12..13
[3] Ident "input" @13..18
[4] Whitespace " " @18..19
[5] Ident "uint" @19..23
[6] OpenBracket "[" @23..24
[7] Literal { kind: Int { base: Decimal, empty_int: false }, suffix_start: 2 } "16" @24..26
[8] CloseBracket "]" @26..27
[9] Whitespace " " @27..28
[10] Ident "x" @28..29
[11] Semi ";" @29..30
[12] Whitespace "\n\n" @30..32
[13] Annotation "@rename other" @32..45
[14] Whitespace "\n" @45..46
[15] Ident "output" @46..52
[16] Whitespace " " @52..53
[17] Ident "float" @53..58
[18] OpenBracket "[" @58..59
[19] Literal { kind: Int { base: Decimal, empty_int: false }, suffix_start: 2 } "64" @59..61
[20] CloseBracket "]" @61..62
[21] Whitespace " " @62..63
[22] Ident "var" @63..66
[23] Semi ";" @66..67
[24] Whitespace "\n\n" @67..69
[25] Annotation "@hello world" @69..81
[26] Whitespace "\n" @81..82
[27] Ident "int" @82..85
[28] OpenBracket "[" @85..86
[29] Literal { kind: Int { base: Decimal, empty_int: false }, suffix_start: 1 } "8" @86..87
[30] CloseBracket "]" @87..88
[31] Whitespace " " @88..89
[32] Ident "y" @89..90
[33] Semi ";" @90..91
[34] Whitespace "\n\n" @91..93
[35] Annotation "@outer" @93..99
[36] Whitespace "\n" @99..100
[37] Ident "def" @100..103
[38] Whitespace " " @103..104
[39] Ident "fn" @104..106
[40] OpenParen "(" @106..107
[41] CloseParen ")" @107..108
[42] Whitespace " " @108..109
[43] OpenBrace "{" @109..110
[44] Whitespace "\n  " @110..113
[45] Annotation "@inner word1" @113..125
[46] Whitespace "\n  " @125..128
[47] Ident "uint" @128..132
[48] OpenBracket "[" @132..133
[49] Literal { kind: Int { base: Decimal, empty_int: false }, suffix_start: 2 } "16" @133..135
[50] CloseBracket "]" @135..136
[51] Whitespace " " @136..137
[52] Ident "x" @137..138
[53] Semi ";" @138..139
[54] Whitespace "\n  " @139..142
[55] Annotation "@inner word2" @142..154
[56] Whitespace "\n  " @154..157
[57] Ident "return" @157..163
[58] Semi ";" @163..164
[59] Whitespace "\n" @164..165
[60] CloseBrace "}" @165..166
[61] Whitespace "\n\n" @166..168
[62] Annotation "@first" @168..174
[63] Whitespace "\n" @174..175
[64] Annotation "@second @not_third" @175..193
[65] Whitespace "\n" @193..194
[66] Ident "uint" @194..198
[67] OpenBracket "[" @198..199
[68] Literal { kind: Int { base: Decimal, empty_int: false }, suffix_start: 2 } "16" @199..201
[69] CloseBracket "]" @201..202
[70] Whitespace " " @202..203
[71] Ident "z" @203..204
[72] Semi ";" @204..205
[73] Whitespace "\n\n" @205..207
[74] Annotation "@binds tightly" @207..221
[75] Whitespace "\n" @221..222
[76] Ident "x" @222..223
[77] Whitespace " " @223..224
[78] Eq "=" @224..225
[79] Whitespace " " @225..226
[80] Literal { kind: Int { base: Decimal, empty_int: false }, suffix_start: 1 } "1" @226..227
[81] Semi ";" @227..228
[82] Whitespace " " @228..229
[83] Ident "x" @229..230
[84] Whitespace " " @230..231
[85] Eq "=" @231..232
[86] Whitespace " " @232..233
[87] Literal { kind: Int { base: Decimal, empty_int: false }, suffix_start: 1 } "2" @233..234
[88] Semi ";" @234..235
[89] Whitespace "\n" @235..236
