---
source: crates/pipeline-tests/tests/runner.rs
expression: lex_snap
---
id: tests/snippets/reference/control_flow/branching.qasm
expect-lex: Ok
--- source ---

include "stdgates.inc";
if (x == a) {
  for uint i in [0:2:4] x[i] += 1;
}
else CX x[0], x[1];
--- lexer ---
ok: true
errors: 0
[0] Whitespace "\n" @0..1
[1] Ident "include" @1..8
[2] Whitespace " " @8..9
[3] Literal { kind: Str { terminated: true }, suffix_start: 14 } ""stdgates.inc"" @9..23
[4] Semi ";" @23..24
[5] Whitespace "\n" @24..25
[6] Ident "if" @25..27
[7] Whitespace " " @27..28
[8] OpenParen "(" @28..29
[9] Ident "x" @29..30
[10] Whitespace " " @30..31
[11] Eq "=" @31..32
[12] Eq "=" @32..33
[13] Whitespace " " @33..34
[14] Ident "a" @34..35
[15] CloseParen ")" @35..36
[16] Whitespace " " @36..37
[17] OpenBrace "{" @37..38
[18] Whitespace "\n  " @38..41
[19] Ident "for" @41..44
[20] Whitespace " " @44..45
[21] Ident "uint" @45..49
[22] Whitespace " " @49..50
[23] Ident "i" @50..51
[24] Whitespace " " @51..52
[25] Ident "in" @52..54
[26] Whitespace " " @54..55
[27] OpenBracket "[" @55..56
[28] Literal { kind: Int { base: Decimal, empty_int: false }, suffix_start: 1 } "0" @56..57
[29] Colon ":" @57..58
[30] Literal { kind: Int { base: Decimal, empty_int: false }, suffix_start: 1 } "2" @58..59
[31] Colon ":" @59..60
[32] Literal { kind: Int { base: Decimal, empty_int: false }, suffix_start: 1 } "4" @60..61
[33] CloseBracket "]" @61..62
[34] Whitespace " " @62..63
[35] Ident "x" @63..64
[36] OpenBracket "[" @64..65
[37] Ident "i" @65..66
[38] CloseBracket "]" @66..67
[39] Whitespace " " @67..68
[40] Plus "+" @68..69
[41] Eq "=" @69..70
[42] Whitespace " " @70..71
[43] Literal { kind: Int { base: Decimal, empty_int: false }, suffix_start: 1 } "1" @71..72
[44] Semi ";" @72..73
[45] Whitespace "\n" @73..74
[46] CloseBrace "}" @74..75
[47] Whitespace "\n" @75..76
[48] Ident "else" @76..80
[49] Whitespace " " @80..81
[50] Ident "CX" @81..83
[51] Whitespace " " @83..84
[52] Ident "x" @84..85
[53] OpenBracket "[" @85..86
[54] Literal { kind: Int { base: Decimal, empty_int: false }, suffix_start: 1 } "0" @86..87
[55] CloseBracket "]" @87..88
[56] Comma "," @88..89
[57] Whitespace " " @89..90
[58] Ident "x" @90..91
[59] OpenBracket "[" @91..92
[60] Literal { kind: Int { base: Decimal, empty_int: false }, suffix_start: 1 } "1" @92..93
[61] CloseBracket "]" @93..94
[62] Semi ";" @94..95
[63] Whitespace "\n" @95..96
