---
source: crates/pipeline-tests/tests/runner.rs
expression: lex_snap
---
id: tests/snippets/reference/declaration/complex2.qasm
expect-lex: Ok
--- source ---
// lex: ok
// parse: todo
// sema: todo

complex[float[32]] c = a ** b;
--- lexer ---
ok: true
errors: 0
[0] LineComment "// lex: ok" @0..10
[1] Whitespace "\n" @10..11
[2] LineComment "// parse: todo" @11..25
[3] Whitespace "\n" @25..26
[4] LineComment "// sema: todo" @26..39
[5] Whitespace "\n\n" @39..41
[6] Ident "complex" @41..48
[7] OpenBracket "[" @48..49
[8] Ident "float" @49..54
[9] OpenBracket "[" @54..55
[10] Literal { kind: Int { base: Decimal, empty_int: false }, suffix_start: 2 } "32" @55..57
[11] CloseBracket "]" @57..58
[12] CloseBracket "]" @58..59
[13] Whitespace " " @59..60
[14] Ident "c" @60..61
[15] Whitespace " " @61..62
[16] Eq "=" @62..63
[17] Whitespace " " @63..64
[18] Ident "a" @64..65
[19] Whitespace " " @65..66
[20] Star "*" @66..67
[21] Star "*" @67..68
[22] Whitespace " " @68..69
[23] Ident "b" @69..70
[24] Semi ";" @70..71
[25] Whitespace "\n" @71..72
