---
source: crates/pipeline-tests/tests/runner.rs
expression: parse_snap
---
id: tests/snippets/reference/gate/gate_modifiers.qasm
expect-parse: Ok
--- parser ---
ok: true
panicked: false
errors: 0
--- ast ---
SOURCE_FILE@0..121: // lex: ok
// parse: ok
// sema: ok

qubit q;
gate g q {}
ctrl(2) @ g q;
negctrl(3) @ g q;
pow(-1./2.) @ g q;
inv @ g q;

QUANTUM_DECLARATION_STATEMENT@37..45: qubit q;
QUBIT_TYPE@37..42: qubit
NAME@43..44: q
GATE@46..57: gate g q {}
NAME@51..52: g
PARAM_LIST@53..54: q
PARAM@53..54: q
BLOCK_EXPR@55..57: {}
EXPR_STMT@58..72: ctrl(2) @ g q;
MODIFIED_GATE_CALL_EXPR@58..71: ctrl(2) @ g q
CTRL_MODIFIER@58..67: ctrl(2) @
PAREN_EXPR@62..65: (2)
LITERAL@63..64: 2
GATE_CALL_EXPR@68..71: g q
IDENTIFIER@68..69: g
QUBIT_LIST@70..71: q
IDENTIFIER@70..71: q
EXPR_STMT@73..90: negctrl(3) @ g q;
MODIFIED_GATE_CALL_EXPR@73..89: negctrl(3) @ g q
NEG_CTRL_MODIFIER@73..85: negctrl(3) @
PAREN_EXPR@80..83: (3)
LITERAL@81..82: 3
GATE_CALL_EXPR@86..89: g q
IDENTIFIER@86..87: g
QUBIT_LIST@88..89: q
IDENTIFIER@88..89: q
EXPR_STMT@91..109: pow(-1./2.) @ g q;
MODIFIED_GATE_CALL_EXPR@91..108: pow(-1./2.) @ g q
POW_MODIFIER@91..104: pow(-1./2.) @
PAREN_EXPR@94..102: (-1./2.)
BIN_EXPR@95..101: -1./2.
PREFIX_EXPR@95..98: -1.
LITERAL@96..98: 1.
LITERAL@99..101: 2.
GATE_CALL_EXPR@105..108: g q
IDENTIFIER@105..106: g
QUBIT_LIST@107..108: q
IDENTIFIER@107..108: q
EXPR_STMT@110..120: inv @ g q;
MODIFIED_GATE_CALL_EXPR@110..119: inv @ g q
INV_MODIFIER@110..115: inv @
GATE_CALL_EXPR@116..119: g q
IDENTIFIER@116..117: g
QUBIT_LIST@118..119: q
IDENTIFIER@118..119: q
