---
source: crates/pipeline-tests/tests/runner.rs
expression: parse_snap
---
id: tests/snippets/reference/directives/defcalgrammar.qasm
expect-parse: Todo
--- parser ---
ok: false
panicked: false
errors: 1
--- ast ---
SOURCE_FILE@0..76: 
defcalgrammar 'openpulse';
defcalgrammar "openpulse";
defcalgrammar "001";

DEF_CAL_GRAMMAR@1..27: defcalgrammar 'openpulse';
FILE_PATH@15..26: 'openpulse'
DEF_CAL_GRAMMAR@28..54: defcalgrammar "openpulse";
FILE_PATH@42..53: "openpulse"
DEF_CAL_GRAMMAR@55..75: defcalgrammar "001";
ERROR@69..74: "001"
