---
source: crates/pipeline-tests/tests/runner.rs
expression: lex_snap
---
id: tests/snippets/reference/subroutine/extern.qasm
expect-lex: Ok
--- source ---
// lex: ok
// parse: todo
// sema: todo

extern test_kern(bit[5], uint[10], float[16], complex[float[64]]) -> float[6];
--- lexer ---
ok: true
errors: 0
[0] LineComment "// lex: ok" @0..10
[1] Whitespace "\n" @10..11
[2] LineComment "// parse: todo" @11..25
[3] Whitespace "\n" @25..26
[4] LineComment "// sema: todo" @26..39
[5] Whitespace "\n\n" @39..41
[6] Ident "extern" @41..47
[7] Whitespace " " @47..48
[8] Ident "test_kern" @48..57
[9] OpenParen "(" @57..58
[10] Ident "bit" @58..61
[11] OpenBracket "[" @61..62
[12] Literal { kind: Int { base: Decimal, empty_int: false }, suffix_start: 1 } "5" @62..63
[13] CloseBracket "]" @63..64
[14] Comma "," @64..65
[15] Whitespace " " @65..66
[16] Ident "uint" @66..70
[17] OpenBracket "[" @70..71
[18] Literal { kind: Int { base: Decimal, empty_int: false }, suffix_start: 2 } "10" @71..73
[19] CloseBracket "]" @73..74
[20] Comma "," @74..75
[21] Whitespace " " @75..76
[22] Ident "float" @76..81
[23] OpenBracket "[" @81..82
[24] Literal { kind: Int { base: Decimal, empty_int: false }, suffix_start: 2 } "16" @82..84
[25] CloseBracket "]" @84..85
[26] Comma "," @85..86
[27] Whitespace " " @86..87
[28] Ident "complex" @87..94
[29] OpenBracket "[" @94..95
[30] Ident "float" @95..100
[31] OpenBracket "[" @100..101
[32] Literal { kind: Int { base: Decimal, empty_int: false }, suffix_start: 2 } "64" @101..103
[33] CloseBracket "]" @103..104
[34] CloseBracket "]" @104..105
[35] CloseParen ")" @105..106
[36] Whitespace " " @106..107
[37] Minus "-" @107..108
[38] Gt ">" @108..109
[39] Whitespace " " @109..110
[40] Ident "float" @110..115
[41] OpenBracket "[" @115..116
[42] Literal { kind: Int { base: Decimal, empty_int: false }, suffix_start: 1 } "6" @116..117
[43] CloseBracket "]" @117..118
[44] Semi ";" @118..119
[45] Whitespace "\n" @119..120
