---
source: crates/pipeline-tests/tests/runner.rs
expression: lex_snap
---
id: tests/snippets/invalid/statements/declarations.qasm
expect-lex: Ok
--- source ---
// WARNING. SKIP PARSING. PARSER HANGS
// Bug in runner.rs. parsing will run even if tagged "skip"
// parse: skip
// sema: skip

// Not specifying the variable.
float;
uint[8];
qreg[4];
creg[4];
complex[float[32]];

// Incorrect designators.
int[8, 8] myvar;
uint[8, 8] myvar;
float[8, 8] myvar;
angle[8, 8] myvar;
bool[4] myvar;
bool[4, 4] myvar;
bit[4, 4] myvar;
creg[2] myvar;
creg[2, 2] myvar;
qreg[2] myvar;
qreg[2, 2] myvar;
complex[32] myvar;
complex[mytype] myvar;
complex[float[32], float[32]] myvar;
complex[qreg] myvar;
complex[creg] myvar;
complex[qreg[8]] myvar;
complex[creg[8]] myvar;

// Bad array specifiers.
array myvar;
array[8] myvar;
array[not_a_type, 4] myvar;
array[int[8], int[8], 2] myvar;

// Invalid identifiers.
int[8] int;
int[8] def;
int[8] 0;
int[8] input;

// Bad assignments.
int[8] myvar = end;
int[8] myvar =;
float[32] myvar_f = int[32] myvar_i = 2;
// array initialiser uses {}
array[uint[8], 4] myvar = [4, 5, 6, 7];
// can't use arithmetic on the entire initialiser
array[uint[8], 4] myvar = 2 * {1, 2, 3, 4};
// backed arrays can't use #dim
array[uint[8], #dim=2] myvar;
// can't have more than one type specification
array[int[8], int[8]] myvar;

// Incorrect orders.
myvar: int[8];
myvar int[8];
int myvar[8];
uint myvar[8];
float myvar[32];

// Compound assignments.
int[8] myvar1, myvar2;
int[8] myvari, float[32] myvarf;
int[8] myvari float[32] myvarf;
--- lexer ---
ok: true
errors: 0
[0] LineComment "// WARNING. SKIP PARSING. PARSER HANGS" @0..38
[1] Whitespace "\n" @38..39
[2] LineComment "// Bug in runner.rs. parsing will run even if tagged "skip"" @39..98
[3] Whitespace "\n" @98..99
[4] LineComment "// parse: skip" @99..113
[5] Whitespace "\n" @113..114
[6] LineComment "// sema: skip" @114..127
[7] Whitespace "\n\n" @127..129
[8] LineComment "// Not specifying the variable." @129..160
[9] Whitespace "\n" @160..161
[10] Ident "float" @161..166
[11] Semi ";" @166..167
[12] Whitespace "\n" @167..168
[13] Ident "uint" @168..172
[14] OpenBracket "[" @172..173
[15] Literal { kind: Int { base: Decimal, empty_int: false }, suffix_start: 1 } "8" @173..174
[16] CloseBracket "]" @174..175
[17] Semi ";" @175..176
[18] Whitespace "\n" @176..177
[19] Ident "qreg" @177..181
[20] OpenBracket "[" @181..182
[21] Literal { kind: Int { base: Decimal, empty_int: false }, suffix_start: 1 } "4" @182..183
[22] CloseBracket "]" @183..184
[23] Semi ";" @184..185
[24] Whitespace "\n" @185..186
[25] Ident "creg" @186..190
[26] OpenBracket "[" @190..191
[27] Literal { kind: Int { base: Decimal, empty_int: false }, suffix_start: 1 } "4" @191..192
[28] CloseBracket "]" @192..193
[29] Semi ";" @193..194
[30] Whitespace "\n" @194..195
[31] Ident "complex" @195..202
[32] OpenBracket "[" @202..203
[33] Ident "float" @203..208
[34] OpenBracket "[" @208..209
[35] Literal { kind: Int { base: Decimal, empty_int: false }, suffix_start: 2 } "32" @209..211
[36] CloseBracket "]" @211..212
[37] CloseBracket "]" @212..213
[38] Semi ";" @213..214
[39] Whitespace "\n\n" @214..216
[40] LineComment "// Incorrect designators." @216..241
[41] Whitespace "\n" @241..242
[42] Ident "int" @242..245
[43] OpenBracket "[" @245..246
[44] Literal { kind: Int { base: Decimal, empty_int: false }, suffix_start: 1 } "8" @246..247
[45] Comma "," @247..248
[46] Whitespace " " @248..249
[47] Literal { kind: Int { base: Decimal, empty_int: false }, suffix_start: 1 } "8" @249..250
[48] CloseBracket "]" @250..251
[49] Whitespace " " @251..252
[50] Ident "myvar" @252..257
[51] Semi ";" @257..258
[52] Whitespace "\n" @258..259
[53] Ident "uint" @259..263
[54] OpenBracket "[" @263..264
[55] Literal { kind: Int { base: Decimal, empty_int: false }, suffix_start: 1 } "8" @264..265
[56] Comma "," @265..266
[57] Whitespace " " @266..267
[58] Literal { kind: Int { base: Decimal, empty_int: false }, suffix_start: 1 } "8" @267..268
[59] CloseBracket "]" @268..269
[60] Whitespace " " @269..270
[61] Ident "myvar" @270..275
[62] Semi ";" @275..276
[63] Whitespace "\n" @276..277
[64] Ident "float" @277..282
[65] OpenBracket "[" @282..283
[66] Literal { kind: Int { base: Decimal, empty_int: false }, suffix_start: 1 } "8" @283..284
[67] Comma "," @284..285
[68] Whitespace " " @285..286
[69] Literal { kind: Int { base: Decimal, empty_int: false }, suffix_start: 1 } "8" @286..287
[70] CloseBracket "]" @287..288
[71] Whitespace " " @288..289
[72] Ident "myvar" @289..294
[73] Semi ";" @294..295
[74] Whitespace "\n" @295..296
[75] Ident "angle" @296..301
[76] OpenBracket "[" @301..302
[77] Literal { kind: Int { base: Decimal, empty_int: false }, suffix_start: 1 } "8" @302..303
[78] Comma "," @303..304
[79] Whitespace " " @304..305
[80] Literal { kind: Int { base: Decimal, empty_int: false }, suffix_start: 1 } "8" @305..306
[81] CloseBracket "]" @306..307
[82] Whitespace " " @307..308
[83] Ident "myvar" @308..313
[84] Semi ";" @313..314
[85] Whitespace "\n" @314..315
[86] Ident "bool" @315..319
[87] OpenBracket "[" @319..320
[88] Literal { kind: Int { base: Decimal, empty_int: false }, suffix_start: 1 } "4" @320..321
[89] CloseBracket "]" @321..322
[90] Whitespace " " @322..323
[91] Ident "myvar" @323..328
[92] Semi ";" @328..329
[93] Whitespace "\n" @329..330
[94] Ident "bool" @330..334
[95] OpenBracket "[" @334..335
[96] Literal { kind: Int { base: Decimal, empty_int: false }, suffix_start: 1 } "4" @335..336
[97] Comma "," @336..337
[98] Whitespace " " @337..338
[99] Literal { kind: Int { base: Decimal, empty_int: false }, suffix_start: 1 } "4" @338..339
[100] CloseBracket "]" @339..340
[101] Whitespace " " @340..341
[102] Ident "myvar" @341..346
[103] Semi ";" @346..347
[104] Whitespace "\n" @347..348
[105] Ident "bit" @348..351
[106] OpenBracket "[" @351..352
[107] Literal { kind: Int { base: Decimal, empty_int: false }, suffix_start: 1 } "4" @352..353
[108] Comma "," @353..354
[109] Whitespace " " @354..355
[110] Literal { kind: Int { base: Decimal, empty_int: false }, suffix_start: 1 } "4" @355..356
[111] CloseBracket "]" @356..357
[112] Whitespace " " @357..358
[113] Ident "myvar" @358..363
[114] Semi ";" @363..364
[115] Whitespace "\n" @364..365
[116] Ident "creg" @365..369
[117] OpenBracket "[" @369..370
[118] Literal { kind: Int { base: Decimal, empty_int: false }, suffix_start: 1 } "2" @370..371
[119] CloseBracket "]" @371..372
[120] Whitespace " " @372..373
[121] Ident "myvar" @373..378
[122] Semi ";" @378..379
[123] Whitespace "\n" @379..380
[124] Ident "creg" @380..384
[125] OpenBracket "[" @384..385
[126] Literal { kind: Int { base: Decimal, empty_int: false }, suffix_start: 1 } "2" @385..386
[127] Comma "," @386..387
[128] Whitespace " " @387..388
[129] Literal { kind: Int { base: Decimal, empty_int: false }, suffix_start: 1 } "2" @388..389
[130] CloseBracket "]" @389..390
[131] Whitespace " " @390..391
[132] Ident "myvar" @391..396
[133] Semi ";" @396..397
[134] Whitespace "\n" @397..398
[135] Ident "qreg" @398..402
[136] OpenBracket "[" @402..403
[137] Literal { kind: Int { base: Decimal, empty_int: false }, suffix_start: 1 } "2" @403..404
[138] CloseBracket "]" @404..405
[139] Whitespace " " @405..406
[140] Ident "myvar" @406..411
[141] Semi ";" @411..412
[142] Whitespace "\n" @412..413
[143] Ident "qreg" @413..417
[144] OpenBracket "[" @417..418
[145] Literal { kind: Int { base: Decimal, empty_int: false }, suffix_start: 1 } "2" @418..419
[146] Comma "," @419..420
[147] Whitespace " " @420..421
[148] Literal { kind: Int { base: Decimal, empty_int: false }, suffix_start: 1 } "2" @421..422
[149] CloseBracket "]" @422..423
[150] Whitespace " " @423..424
[151] Ident "myvar" @424..429
[152] Semi ";" @429..430
[153] Whitespace "\n" @430..431
[154] Ident "complex" @431..438
[155] OpenBracket "[" @438..439
[156] Literal { kind: Int { base: Decimal, empty_int: false }, suffix_start: 2 } "32" @439..441
[157] CloseBracket "]" @441..442
[158] Whitespace " " @442..443
[159] Ident "myvar" @443..448
[160] Semi ";" @448..449
[161] Whitespace "\n" @449..450
[162] Ident "complex" @450..457
[163] OpenBracket "[" @457..458
[164] Ident "mytype" @458..464
[165] CloseBracket "]" @464..465
[166] Whitespace " " @465..466
[167] Ident "myvar" @466..471
[168] Semi ";" @471..472
[169] Whitespace "\n" @472..473
[170] Ident "complex" @473..480
[171] OpenBracket "[" @480..481
[172] Ident "float" @481..486
[173] OpenBracket "[" @486..487
[174] Literal { kind: Int { base: Decimal, empty_int: false }, suffix_start: 2 } "32" @487..489
[175] CloseBracket "]" @489..490
[176] Comma "," @490..491
[177] Whitespace " " @491..492
[178] Ident "float" @492..497
[179] OpenBracket "[" @497..498
[180] Literal { kind: Int { base: Decimal, empty_int: false }, suffix_start: 2 } "32" @498..500
[181] CloseBracket "]" @500..501
[182] CloseBracket "]" @501..502
[183] Whitespace " " @502..503
[184] Ident "myvar" @503..508
[185] Semi ";" @508..509
[186] Whitespace "\n" @509..510
[187] Ident "complex" @510..517
[188] OpenBracket "[" @517..518
[189] Ident "qreg" @518..522
[190] CloseBracket "]" @522..523
[191] Whitespace " " @523..524
[192] Ident "myvar" @524..529
[193] Semi ";" @529..530
[194] Whitespace "\n" @530..531
[195] Ident "complex" @531..538
[196] OpenBracket "[" @538..539
[197] Ident "creg" @539..543
[198] CloseBracket "]" @543..544
[199] Whitespace " " @544..545
[200] Ident "myvar" @545..550
[201] Semi ";" @550..551
[202] Whitespace "\n" @551..552
[203] Ident "complex" @552..559
[204] OpenBracket "[" @559..560
[205] Ident "qreg" @560..564
[206] OpenBracket "[" @564..565
[207] Literal { kind: Int { base: Decimal, empty_int: false }, suffix_start: 1 } "8" @565..566
[208] CloseBracket "]" @566..567
[209] CloseBracket "]" @567..568
[210] Whitespace " " @568..569
[211] Ident "myvar" @569..574
[212] Semi ";" @574..575
[213] Whitespace "\n" @575..576
[214] Ident "complex" @576..583
[215] OpenBracket "[" @583..584
[216] Ident "creg" @584..588
[217] OpenBracket "[" @588..589
[218] Literal { kind: Int { base: Decimal, empty_int: false }, suffix_start: 1 } "8" @589..590
[219] CloseBracket "]" @590..591
[220] CloseBracket "]" @591..592
[221] Whitespace " " @592..593
[222] Ident "myvar" @593..598
[223] Semi ";" @598..599
[224] Whitespace "\n\n" @599..601
[225] LineComment "// Bad array specifiers." @601..625
[226] Whitespace "\n" @625..626
[227] Ident "array" @626..631
[228] Whitespace " " @631..632
[229] Ident "myvar" @632..637
[230] Semi ";" @637..638
[231] Whitespace "\n" @638..639
[232] Ident "array" @639..644
[233] OpenBracket "[" @644..645
[234] Literal { kind: Int { base: Decimal, empty_int: false }, suffix_start: 1 } "8" @645..646
[235] CloseBracket "]" @646..647
[236] Whitespace " " @647..648
[237] Ident "myvar" @648..653
[238] Semi ";" @653..654
[239] Whitespace "\n" @654..655
[240] Ident "array" @655..660
[241] OpenBracket "[" @660..661
[242] Ident "not_a_type" @661..671
[243] Comma "," @671..672
[244] Whitespace " " @672..673
[245] Literal { kind: Int { base: Decimal, empty_int: false }, suffix_start: 1 } "4" @673..674
[246] CloseBracket "]" @674..675
[247] Whitespace " " @675..676
[248] Ident "myvar" @676..681
[249] Semi ";" @681..682
[250] Whitespace "\n" @682..683
[251] Ident "array" @683..688
[252] OpenBracket "[" @688..689
[253] Ident "int" @689..692
[254] OpenBracket "[" @692..693
[255] Literal { kind: Int { base: Decimal, empty_int: false }, suffix_start: 1 } "8" @693..694
[256] CloseBracket "]" @694..695
[257] Comma "," @695..696
[258] Whitespace " " @696..697
[259] Ident "int" @697..700
[260] OpenBracket "[" @700..701
[261] Literal { kind: Int { base: Decimal, empty_int: false }, suffix_start: 1 } "8" @701..702
[262] CloseBracket "]" @702..703
[263] Comma "," @703..704
[264] Whitespace " " @704..705
[265] Literal { kind: Int { base: Decimal, empty_int: false }, suffix_start: 1 } "2" @705..706
[266] CloseBracket "]" @706..707
[267] Whitespace " " @707..708
[268] Ident "myvar" @708..713
[269] Semi ";" @713..714
[270] Whitespace "\n\n" @714..716
[271] LineComment "// Invalid identifiers." @716..739
[272] Whitespace "\n" @739..740
[273] Ident "int" @740..743
[274] OpenBracket "[" @743..744
[275] Literal { kind: Int { base: Decimal, empty_int: false }, suffix_start: 1 } "8" @744..745
[276] CloseBracket "]" @745..746
[277] Whitespace " " @746..747
[278] Ident "int" @747..750
[279] Semi ";" @750..751
[280] Whitespace "\n" @751..752
[281] Ident "int" @752..755
[282] OpenBracket "[" @755..756
[283] Literal { kind: Int { base: Decimal, empty_int: false }, suffix_start: 1 } "8" @756..757
[284] CloseBracket "]" @757..758
[285] Whitespace " " @758..759
[286] Ident "def" @759..762
[287] Semi ";" @762..763
[288] Whitespace "\n" @763..764
[289] Ident "int" @764..767
[290] OpenBracket "[" @767..768
[291] Literal { kind: Int { base: Decimal, empty_int: false }, suffix_start: 1 } "8" @768..769
[292] CloseBracket "]" @769..770
[293] Whitespace " " @770..771
[294] Literal { kind: Int { base: Decimal, empty_int: false }, suffix_start: 1 } "0" @771..772
[295] Semi ";" @772..773
[296] Whitespace "\n" @773..774
[297] Ident "int" @774..777
[298] OpenBracket "[" @777..778
[299] Literal { kind: Int { base: Decimal, empty_int: false }, suffix_start: 1 } "8" @778..779
[300] CloseBracket "]" @779..780
[301] Whitespace " " @780..781
[302] Ident "input" @781..786
[303] Semi ";" @786..787
[304] Whitespace "\n\n" @787..789
[305] LineComment "// Bad assignments." @789..808
[306] Whitespace "\n" @808..809
[307] Ident "int" @809..812
[308] OpenBracket "[" @812..813
[309] Literal { kind: Int { base: Decimal, empty_int: false }, suffix_start: 1 } "8" @813..814
[310] CloseBracket "]" @814..815
[311] Whitespace " " @815..816
[312] Ident "myvar" @816..821
[313] Whitespace " " @821..822
[314] Eq "=" @822..823
[315] Whitespace " " @823..824
[316] Ident "end" @824..827
[317] Semi ";" @827..828
[318] Whitespace "\n" @828..829
[319] Ident "int" @829..832
[320] OpenBracket "[" @832..833
[321] Literal { kind: Int { base: Decimal, empty_int: false }, suffix_start: 1 } "8" @833..834
[322] CloseBracket "]" @834..835
[323] Whitespace " " @835..836
[324] Ident "myvar" @836..841
[325] Whitespace " " @841..842
[326] Eq "=" @842..843
[327] Semi ";" @843..844
[328] Whitespace "\n" @844..845
[329] Ident "float" @845..850
[330] OpenBracket "[" @850..851
[331] Literal { kind: Int { base: Decimal, empty_int: false }, suffix_start: 2 } "32" @851..853
[332] CloseBracket "]" @853..854
[333] Whitespace " " @854..855
[334] Ident "myvar_f" @855..862
[335] Whitespace " " @862..863
[336] Eq "=" @863..864
[337] Whitespace " " @864..865
[338] Ident "int" @865..868
[339] OpenBracket "[" @868..869
[340] Literal { kind: Int { base: Decimal, empty_int: false }, suffix_start: 2 } "32" @869..871
[341] CloseBracket "]" @871..872
[342] Whitespace " " @872..873
[343] Ident "myvar_i" @873..880
[344] Whitespace " " @880..881
[345] Eq "=" @881..882
[346] Whitespace " " @882..883
[347] Literal { kind: Int { base: Decimal, empty_int: false }, suffix_start: 1 } "2" @883..884
[348] Semi ";" @884..885
[349] Whitespace "\n" @885..886
[350] LineComment "// array initialiser uses {}" @886..914
[351] Whitespace "\n" @914..915
[352] Ident "array" @915..920
[353] OpenBracket "[" @920..921
[354] Ident "uint" @921..925
[355] OpenBracket "[" @925..926
[356] Literal { kind: Int { base: Decimal, empty_int: false }, suffix_start: 1 } "8" @926..927
[357] CloseBracket "]" @927..928
[358] Comma "," @928..929
[359] Whitespace " " @929..930
[360] Literal { kind: Int { base: Decimal, empty_int: false }, suffix_start: 1 } "4" @930..931
[361] CloseBracket "]" @931..932
[362] Whitespace " " @932..933
[363] Ident "myvar" @933..938
[364] Whitespace " " @938..939
[365] Eq "=" @939..940
[366] Whitespace " " @940..941
[367] OpenBracket "[" @941..942
[368] Literal { kind: Int { base: Decimal, empty_int: false }, suffix_start: 1 } "4" @942..943
[369] Comma "," @943..944
[370] Whitespace " " @944..945
[371] Literal { kind: Int { base: Decimal, empty_int: false }, suffix_start: 1 } "5" @945..946
[372] Comma "," @946..947
[373] Whitespace " " @947..948
[374] Literal { kind: Int { base: Decimal, empty_int: false }, suffix_start: 1 } "6" @948..949
[375] Comma "," @949..950
[376] Whitespace " " @950..951
[377] Literal { kind: Int { base: Decimal, empty_int: false }, suffix_start: 1 } "7" @951..952
[378] CloseBracket "]" @952..953
[379] Semi ";" @953..954
[380] Whitespace "\n" @954..955
[381] LineComment "// can't use arithmetic on the entire initialiser" @955..1004
[382] Whitespace "\n" @1004..1005
[383] Ident "array" @1005..1010
[384] OpenBracket "[" @1010..1011
[385] Ident "uint" @1011..1015
[386] OpenBracket "[" @1015..1016
[387] Literal { kind: Int { base: Decimal, empty_int: false }, suffix_start: 1 } "8" @1016..1017
[388] CloseBracket "]" @1017..1018
[389] Comma "," @1018..1019
[390] Whitespace " " @1019..1020
[391] Literal { kind: Int { base: Decimal, empty_int: false }, suffix_start: 1 } "4" @1020..1021
[392] CloseBracket "]" @1021..1022
[393] Whitespace " " @1022..1023
[394] Ident "myvar" @1023..1028
[395] Whitespace " " @1028..1029
[396] Eq "=" @1029..1030
[397] Whitespace " " @1030..1031
[398] Literal { kind: Int { base: Decimal, empty_int: false }, suffix_start: 1 } "2" @1031..1032
[399] Whitespace " " @1032..1033
[400] Star "*" @1033..1034
[401] Whitespace " " @1034..1035
[402] OpenBrace "{" @1035..1036
[403] Literal { kind: Int { base: Decimal, empty_int: false }, suffix_start: 1 } "1" @1036..1037
[404] Comma "," @1037..1038
[405] Whitespace " " @1038..1039
[406] Literal { kind: Int { base: Decimal, empty_int: false }, suffix_start: 1 } "2" @1039..1040
[407] Comma "," @1040..1041
[408] Whitespace " " @1041..1042
[409] Literal { kind: Int { base: Decimal, empty_int: false }, suffix_start: 1 } "3" @1042..1043
[410] Comma "," @1043..1044
[411] Whitespace " " @1044..1045
[412] Literal { kind: Int { base: Decimal, empty_int: false }, suffix_start: 1 } "4" @1045..1046
[413] CloseBrace "}" @1046..1047
[414] Semi ";" @1047..1048
[415] Whitespace "\n" @1048..1049
[416] LineComment "// backed arrays can't use #dim" @1049..1080
[417] Whitespace "\n" @1080..1081
[418] Ident "array" @1081..1086
[419] OpenBracket "[" @1086..1087
[420] Ident "uint" @1087..1091
[421] OpenBracket "[" @1091..1092
[422] Literal { kind: Int { base: Decimal, empty_int: false }, suffix_start: 1 } "8" @1092..1093
[423] CloseBracket "]" @1093..1094
[424] Comma "," @1094..1095
[425] Whitespace " " @1095..1096
[426] Dim "#dim" @1096..1100
[427] Eq "=" @1100..1101
[428] Literal { kind: Int { base: Decimal, empty_int: false }, suffix_start: 1 } "2" @1101..1102
[429] CloseBracket "]" @1102..1103
[430] Whitespace " " @1103..1104
[431] Ident "myvar" @1104..1109
[432] Semi ";" @1109..1110
[433] Whitespace "\n" @1110..1111
[434] LineComment "// can't have more than one type specification" @1111..1157
[435] Whitespace "\n" @1157..1158
[436] Ident "array" @1158..1163
[437] OpenBracket "[" @1163..1164
[438] Ident "int" @1164..1167
[439] OpenBracket "[" @1167..1168
[440] Literal { kind: Int { base: Decimal, empty_int: false }, suffix_start: 1 } "8" @1168..1169
[441] CloseBracket "]" @1169..1170
[442] Comma "," @1170..1171
[443] Whitespace " " @1171..1172
[444] Ident "int" @1172..1175
[445] OpenBracket "[" @1175..1176
[446] Literal { kind: Int { base: Decimal, empty_int: false }, suffix_start: 1 } "8" @1176..1177
[447] CloseBracket "]" @1177..1178
[448] CloseBracket "]" @1178..1179
[449] Whitespace " " @1179..1180
[450] Ident "myvar" @1180..1185
[451] Semi ";" @1185..1186
[452] Whitespace "\n\n" @1186..1188
[453] LineComment "// Incorrect orders." @1188..1208
[454] Whitespace "\n" @1208..1209
[455] Ident "myvar" @1209..1214
[456] Colon ":" @1214..1215
[457] Whitespace " " @1215..1216
[458] Ident "int" @1216..1219
[459] OpenBracket "[" @1219..1220
[460] Literal { kind: Int { base: Decimal, empty_int: false }, suffix_start: 1 } "8" @1220..1221
[461] CloseBracket "]" @1221..1222
[462] Semi ";" @1222..1223
[463] Whitespace "\n" @1223..1224
[464] Ident "myvar" @1224..1229
[465] Whitespace " " @1229..1230
[466] Ident "int" @1230..1233
[467] OpenBracket "[" @1233..1234
[468] Literal { kind: Int { base: Decimal, empty_int: false }, suffix_start: 1 } "8" @1234..1235
[469] CloseBracket "]" @1235..1236
[470] Semi ";" @1236..1237
[471] Whitespace "\n" @1237..1238
[472] Ident "int" @1238..1241
[473] Whitespace " " @1241..1242
[474] Ident "myvar" @1242..1247
[475] OpenBracket "[" @1247..1248
[476] Literal { kind: Int { base: Decimal, empty_int: false }, suffix_start: 1 } "8" @1248..1249
[477] CloseBracket "]" @1249..1250
[478] Semi ";" @1250..1251
[479] Whitespace "\n" @1251..1252
[480] Ident "uint" @1252..1256
[481] Whitespace " " @1256..1257
[482] Ident "myvar" @1257..1262
[483] OpenBracket "[" @1262..1263
[484] Literal { kind: Int { base: Decimal, empty_int: false }, suffix_start: 1 } "8" @1263..1264
[485] CloseBracket "]" @1264..1265
[486] Semi ";" @1265..1266
[487] Whitespace "\n" @1266..1267
[488] Ident "float" @1267..1272
[489] Whitespace " " @1272..1273
[490] Ident "myvar" @1273..1278
[491] OpenBracket "[" @1278..1279
[492] Literal { kind: Int { base: Decimal, empty_int: false }, suffix_start: 2 } "32" @1279..1281
[493] CloseBracket "]" @1281..1282
[494] Semi ";" @1282..1283
[495] Whitespace "\n\n" @1283..1285
[496] LineComment "// Compound assignments." @1285..1309
[497] Whitespace "\n" @1309..1310
[498] Ident "int" @1310..1313
[499] OpenBracket "[" @1313..1314
[500] Literal { kind: Int { base: Decimal, empty_int: false }, suffix_start: 1 } "8" @1314..1315
[501] CloseBracket "]" @1315..1316
[502] Whitespace " " @1316..1317
[503] Ident "myvar1" @1317..1323
[504] Comma "," @1323..1324
[505] Whitespace " " @1324..1325
[506] Ident "myvar2" @1325..1331
[507] Semi ";" @1331..1332
[508] Whitespace "\n" @1332..1333
[509] Ident "int" @1333..1336
[510] OpenBracket "[" @1336..1337
[511] Literal { kind: Int { base: Decimal, empty_int: false }, suffix_start: 1 } "8" @1337..1338
[512] CloseBracket "]" @1338..1339
[513] Whitespace " " @1339..1340
[514] Ident "myvari" @1340..1346
[515] Comma "," @1346..1347
[516] Whitespace " " @1347..1348
[517] Ident "float" @1348..1353
[518] OpenBracket "[" @1353..1354
[519] Literal { kind: Int { base: Decimal, empty_int: false }, suffix_start: 2 } "32" @1354..1356
[520] CloseBracket "]" @1356..1357
[521] Whitespace " " @1357..1358
[522] Ident "myvarf" @1358..1364
[523] Semi ";" @1364..1365
[524] Whitespace "\n" @1365..1366
[525] Ident "int" @1366..1369
[526] OpenBracket "[" @1369..1370
[527] Literal { kind: Int { base: Decimal, empty_int: false }, suffix_start: 1 } "8" @1370..1371
[528] CloseBracket "]" @1371..1372
[529] Whitespace " " @1372..1373
[530] Ident "myvari" @1373..1379
[531] Whitespace " " @1379..1380
[532] Ident "float" @1380..1385
[533] OpenBracket "[" @1385..1386
[534] Literal { kind: Int { base: Decimal, empty_int: false }, suffix_start: 2 } "32" @1386..1388
[535] CloseBracket "]" @1388..1389
[536] Whitespace " " @1389..1390
[537] Ident "myvarf" @1390..1396
[538] Semi ";" @1396..1397
[539] Whitespace "\n" @1397..1398
