---
source: crates/pipeline-tests/tests/runner.rs
expression: lex_snap
---
id: tests/snippets/reference/declaration/array.qasm
expect-lex: Ok
--- source ---

array[uint[16], 1] x;
array[int[8], 4] x;
array[float[64], 4, 2] x;
array[angle[32], 4, 3, 2] x;
array[bit[8], 2] x;
array[bit[16], 2, 2] x;
array[complex[float[32]], 4] x;
array[bool, 3] x;
array[int[8], 4] x = {1, 2, 3, 4};
array[int[8], 4] x = y;
array[int[8], 2] x = {y, y+y};
array[uint[32], 2, 2] x = {{3, 4}, {2-3, 5*y}};
array[uint[32], 2, 2] x = {z, {2-3, 5*y}};
array[uint[32], 2, 2] x = {2*z, {1, 2}};
array[uint[32], 2, 2] x = y;
--- lexer ---
ok: true
errors: 0
[0] Whitespace "\n" @0..1
[1] Ident "array" @1..6
[2] OpenBracket "[" @6..7
[3] Ident "uint" @7..11
[4] OpenBracket "[" @11..12
[5] Literal { kind: Int { base: Decimal, empty_int: false }, suffix_start: 2 } "16" @12..14
[6] CloseBracket "]" @14..15
[7] Comma "," @15..16
[8] Whitespace " " @16..17
[9] Literal { kind: Int { base: Decimal, empty_int: false }, suffix_start: 1 } "1" @17..18
[10] CloseBracket "]" @18..19
[11] Whitespace " " @19..20
[12] Ident "x" @20..21
[13] Semi ";" @21..22
[14] Whitespace "\n" @22..23
[15] Ident "array" @23..28
[16] OpenBracket "[" @28..29
[17] Ident "int" @29..32
[18] OpenBracket "[" @32..33
[19] Literal { kind: Int { base: Decimal, empty_int: false }, suffix_start: 1 } "8" @33..34
[20] CloseBracket "]" @34..35
[21] Comma "," @35..36
[22] Whitespace " " @36..37
[23] Literal { kind: Int { base: Decimal, empty_int: false }, suffix_start: 1 } "4" @37..38
[24] CloseBracket "]" @38..39
[25] Whitespace " " @39..40
[26] Ident "x" @40..41
[27] Semi ";" @41..42
[28] Whitespace "\n" @42..43
[29] Ident "array" @43..48
[30] OpenBracket "[" @48..49
[31] Ident "float" @49..54
[32] OpenBracket "[" @54..55
[33] Literal { kind: Int { base: Decimal, empty_int: false }, suffix_start: 2 } "64" @55..57
[34] CloseBracket "]" @57..58
[35] Comma "," @58..59
[36] Whitespace " " @59..60
[37] Literal { kind: Int { base: Decimal, empty_int: false }, suffix_start: 1 } "4" @60..61
[38] Comma "," @61..62
[39] Whitespace " " @62..63
[40] Literal { kind: Int { base: Decimal, empty_int: false }, suffix_start: 1 } "2" @63..64
[41] CloseBracket "]" @64..65
[42] Whitespace " " @65..66
[43] Ident "x" @66..67
[44] Semi ";" @67..68
[45] Whitespace "\n" @68..69
[46] Ident "array" @69..74
[47] OpenBracket "[" @74..75
[48] Ident "angle" @75..80
[49] OpenBracket "[" @80..81
[50] Literal { kind: Int { base: Decimal, empty_int: false }, suffix_start: 2 } "32" @81..83
[51] CloseBracket "]" @83..84
[52] Comma "," @84..85
[53] Whitespace " " @85..86
[54] Literal { kind: Int { base: Decimal, empty_int: false }, suffix_start: 1 } "4" @86..87
[55] Comma "," @87..88
[56] Whitespace " " @88..89
[57] Literal { kind: Int { base: Decimal, empty_int: false }, suffix_start: 1 } "3" @89..90
[58] Comma "," @90..91
[59] Whitespace " " @91..92
[60] Literal { kind: Int { base: Decimal, empty_int: false }, suffix_start: 1 } "2" @92..93
[61] CloseBracket "]" @93..94
[62] Whitespace " " @94..95
[63] Ident "x" @95..96
[64] Semi ";" @96..97
[65] Whitespace "\n" @97..98
[66] Ident "array" @98..103
[67] OpenBracket "[" @103..104
[68] Ident "bit" @104..107
[69] OpenBracket "[" @107..108
[70] Literal { kind: Int { base: Decimal, empty_int: false }, suffix_start: 1 } "8" @108..109
[71] CloseBracket "]" @109..110
[72] Comma "," @110..111
[73] Whitespace " " @111..112
[74] Literal { kind: Int { base: Decimal, empty_int: false }, suffix_start: 1 } "2" @112..113
[75] CloseBracket "]" @113..114
[76] Whitespace " " @114..115
[77] Ident "x" @115..116
[78] Semi ";" @116..117
[79] Whitespace "\n" @117..118
[80] Ident "array" @118..123
[81] OpenBracket "[" @123..124
[82] Ident "bit" @124..127
[83] OpenBracket "[" @127..128
[84] Literal { kind: Int { base: Decimal, empty_int: false }, suffix_start: 2 } "16" @128..130
[85] CloseBracket "]" @130..131
[86] Comma "," @131..132
[87] Whitespace " " @132..133
[88] Literal { kind: Int { base: Decimal, empty_int: false }, suffix_start: 1 } "2" @133..134
[89] Comma "," @134..135
[90] Whitespace " " @135..136
[91] Literal { kind: Int { base: Decimal, empty_int: false }, suffix_start: 1 } "2" @136..137
[92] CloseBracket "]" @137..138
[93] Whitespace " " @138..139
[94] Ident "x" @139..140
[95] Semi ";" @140..141
[96] Whitespace "\n" @141..142
[97] Ident "array" @142..147
[98] OpenBracket "[" @147..148
[99] Ident "complex" @148..155
[100] OpenBracket "[" @155..156
[101] Ident "float" @156..161
[102] OpenBracket "[" @161..162
[103] Literal { kind: Int { base: Decimal, empty_int: false }, suffix_start: 2 } "32" @162..164
[104] CloseBracket "]" @164..165
[105] CloseBracket "]" @165..166
[106] Comma "," @166..167
[107] Whitespace " " @167..168
[108] Literal { kind: Int { base: Decimal, empty_int: false }, suffix_start: 1 } "4" @168..169
[109] CloseBracket "]" @169..170
[110] Whitespace " " @170..171
[111] Ident "x" @171..172
[112] Semi ";" @172..173
[113] Whitespace "\n" @173..174
[114] Ident "array" @174..179
[115] OpenBracket "[" @179..180
[116] Ident "bool" @180..184
[117] Comma "," @184..185
[118] Whitespace " " @185..186
[119] Literal { kind: Int { base: Decimal, empty_int: false }, suffix_start: 1 } "3" @186..187
[120] CloseBracket "]" @187..188
[121] Whitespace " " @188..189
[122] Ident "x" @189..190
[123] Semi ";" @190..191
[124] Whitespace "\n" @191..192
[125] Ident "array" @192..197
[126] OpenBracket "[" @197..198
[127] Ident "int" @198..201
[128] OpenBracket "[" @201..202
[129] Literal { kind: Int { base: Decimal, empty_int: false }, suffix_start: 1 } "8" @202..203
[130] CloseBracket "]" @203..204
[131] Comma "," @204..205
[132] Whitespace " " @205..206
[133] Literal { kind: Int { base: Decimal, empty_int: false }, suffix_start: 1 } "4" @206..207
[134] CloseBracket "]" @207..208
[135] Whitespace " " @208..209
[136] Ident "x" @209..210
[137] Whitespace " " @210..211
[138] Eq "=" @211..212
[139] Whitespace " " @212..213
[140] OpenBrace "{" @213..214
[141] Literal { kind: Int { base: Decimal, empty_int: false }, suffix_start: 1 } "1" @214..215
[142] Comma "," @215..216
[143] Whitespace " " @216..217
[144] Literal { kind: Int { base: Decimal, empty_int: false }, suffix_start: 1 } "2" @217..218
[145] Comma "," @218..219
[146] Whitespace " " @219..220
[147] Literal { kind: Int { base: Decimal, empty_int: false }, suffix_start: 1 } "3" @220..221
[148] Comma "," @221..222
[149] Whitespace " " @222..223
[150] Literal { kind: Int { base: Decimal, empty_int: false }, suffix_start: 1 } "4" @223..224
[151] CloseBrace "}" @224..225
[152] Semi ";" @225..226
[153] Whitespace "\n" @226..227
[154] Ident "array" @227..232
[155] OpenBracket "[" @232..233
[156] Ident "int" @233..236
[157] OpenBracket "[" @236..237
[158] Literal { kind: Int { base: Decimal, empty_int: false }, suffix_start: 1 } "8" @237..238
[159] CloseBracket "]" @238..239
[160] Comma "," @239..240
[161] Whitespace " " @240..241
[162] Literal { kind: Int { base: Decimal, empty_int: false }, suffix_start: 1 } "4" @241..242
[163] CloseBracket "]" @242..243
[164] Whitespace " " @243..244
[165] Ident "x" @244..245
[166] Whitespace " " @245..246
[167] Eq "=" @246..247
[168] Whitespace " " @247..248
[169] Ident "y" @248..249
[170] Semi ";" @249..250
[171] Whitespace "\n" @250..251
[172] Ident "array" @251..256
[173] OpenBracket "[" @256..257
[174] Ident "int" @257..260
[175] OpenBracket "[" @260..261
[176] Literal { kind: Int { base: Decimal, empty_int: false }, suffix_start: 1 } "8" @261..262
[177] CloseBracket "]" @262..263
[178] Comma "," @263..264
[179] Whitespace " " @264..265
[180] Literal { kind: Int { base: Decimal, empty_int: false }, suffix_start: 1 } "2" @265..266
[181] CloseBracket "]" @266..267
[182] Whitespace " " @267..268
[183] Ident "x" @268..269
[184] Whitespace " " @269..270
[185] Eq "=" @270..271
[186] Whitespace " " @271..272
[187] OpenBrace "{" @272..273
[188] Ident "y" @273..274
[189] Comma "," @274..275
[190] Whitespace " " @275..276
[191] Ident "y" @276..277
[192] Plus "+" @277..278
[193] Ident "y" @278..279
[194] CloseBrace "}" @279..280
[195] Semi ";" @280..281
[196] Whitespace "\n" @281..282
[197] Ident "array" @282..287
[198] OpenBracket "[" @287..288
[199] Ident "uint" @288..292
[200] OpenBracket "[" @292..293
[201] Literal { kind: Int { base: Decimal, empty_int: false }, suffix_start: 2 } "32" @293..295
[202] CloseBracket "]" @295..296
[203] Comma "," @296..297
[204] Whitespace " " @297..298
[205] Literal { kind: Int { base: Decimal, empty_int: false }, suffix_start: 1 } "2" @298..299
[206] Comma "," @299..300
[207] Whitespace " " @300..301
[208] Literal { kind: Int { base: Decimal, empty_int: false }, suffix_start: 1 } "2" @301..302
[209] CloseBracket "]" @302..303
[210] Whitespace " " @303..304
[211] Ident "x" @304..305
[212] Whitespace " " @305..306
[213] Eq "=" @306..307
[214] Whitespace " " @307..308
[215] OpenBrace "{" @308..309
[216] OpenBrace "{" @309..310
[217] Literal { kind: Int { base: Decimal, empty_int: false }, suffix_start: 1 } "3" @310..311
[218] Comma "," @311..312
[219] Whitespace " " @312..313
[220] Literal { kind: Int { base: Decimal, empty_int: false }, suffix_start: 1 } "4" @313..314
[221] CloseBrace "}" @314..315
[222] Comma "," @315..316
[223] Whitespace " " @316..317
[224] OpenBrace "{" @317..318
[225] Literal { kind: Int { base: Decimal, empty_int: false }, suffix_start: 1 } "2" @318..319
[226] Minus "-" @319..320
[227] Literal { kind: Int { base: Decimal, empty_int: false }, suffix_start: 1 } "3" @320..321
[228] Comma "," @321..322
[229] Whitespace " " @322..323
[230] Literal { kind: Int { base: Decimal, empty_int: false }, suffix_start: 1 } "5" @323..324
[231] Star "*" @324..325
[232] Ident "y" @325..326
[233] CloseBrace "}" @326..327
[234] CloseBrace "}" @327..328
[235] Semi ";" @328..329
[236] Whitespace "\n" @329..330
[237] Ident "array" @330..335
[238] OpenBracket "[" @335..336
[239] Ident "uint" @336..340
[240] OpenBracket "[" @340..341
[241] Literal { kind: Int { base: Decimal, empty_int: false }, suffix_start: 2 } "32" @341..343
[242] CloseBracket "]" @343..344
[243] Comma "," @344..345
[244] Whitespace " " @345..346
[245] Literal { kind: Int { base: Decimal, empty_int: false }, suffix_start: 1 } "2" @346..347
[246] Comma "," @347..348
[247] Whitespace " " @348..349
[248] Literal { kind: Int { base: Decimal, empty_int: false }, suffix_start: 1 } "2" @349..350
[249] CloseBracket "]" @350..351
[250] Whitespace " " @351..352
[251] Ident "x" @352..353
[252] Whitespace " " @353..354
[253] Eq "=" @354..355
[254] Whitespace " " @355..356
[255] OpenBrace "{" @356..357
[256] Ident "z" @357..358
[257] Comma "," @358..359
[258] Whitespace " " @359..360
[259] OpenBrace "{" @360..361
[260] Literal { kind: Int { base: Decimal, empty_int: false }, suffix_start: 1 } "2" @361..362
[261] Minus "-" @362..363
[262] Literal { kind: Int { base: Decimal, empty_int: false }, suffix_start: 1 } "3" @363..364
[263] Comma "," @364..365
[264] Whitespace " " @365..366
[265] Literal { kind: Int { base: Decimal, empty_int: false }, suffix_start: 1 } "5" @366..367
[266] Star "*" @367..368
[267] Ident "y" @368..369
[268] CloseBrace "}" @369..370
[269] CloseBrace "}" @370..371
[270] Semi ";" @371..372
[271] Whitespace "\n" @372..373
[272] Ident "array" @373..378
[273] OpenBracket "[" @378..379
[274] Ident "uint" @379..383
[275] OpenBracket "[" @383..384
[276] Literal { kind: Int { base: Decimal, empty_int: false }, suffix_start: 2 } "32" @384..386
[277] CloseBracket "]" @386..387
[278] Comma "," @387..388
[279] Whitespace " " @388..389
[280] Literal { kind: Int { base: Decimal, empty_int: false }, suffix_start: 1 } "2" @389..390
[281] Comma "," @390..391
[282] Whitespace " " @391..392
[283] Literal { kind: Int { base: Decimal, empty_int: false }, suffix_start: 1 } "2" @392..393
[284] CloseBracket "]" @393..394
[285] Whitespace " " @394..395
[286] Ident "x" @395..396
[287] Whitespace " " @396..397
[288] Eq "=" @397..398
[289] Whitespace " " @398..399
[290] OpenBrace "{" @399..400
[291] Literal { kind: Int { base: Decimal, empty_int: false }, suffix_start: 1 } "2" @400..401
[292] Star "*" @401..402
[293] Ident "z" @402..403
[294] Comma "," @403..404
[295] Whitespace " " @404..405
[296] OpenBrace "{" @405..406
[297] Literal { kind: Int { base: Decimal, empty_int: false }, suffix_start: 1 } "1" @406..407
[298] Comma "," @407..408
[299] Whitespace " " @408..409
[300] Literal { kind: Int { base: Decimal, empty_int: false }, suffix_start: 1 } "2" @409..410
[301] CloseBrace "}" @410..411
[302] CloseBrace "}" @411..412
[303] Semi ";" @412..413
[304] Whitespace "\n" @413..414
[305] Ident "array" @414..419
[306] OpenBracket "[" @419..420
[307] Ident "uint" @420..424
[308] OpenBracket "[" @424..425
[309] Literal { kind: Int { base: Decimal, empty_int: false }, suffix_start: 2 } "32" @425..427
[310] CloseBracket "]" @427..428
[311] Comma "," @428..429
[312] Whitespace " " @429..430
[313] Literal { kind: Int { base: Decimal, empty_int: false }, suffix_start: 1 } "2" @430..431
[314] Comma "," @431..432
[315] Whitespace " " @432..433
[316] Literal { kind: Int { base: Decimal, empty_int: false }, suffix_start: 1 } "2" @433..434
[317] CloseBracket "]" @434..435
[318] Whitespace " " @435..436
[319] Ident "x" @436..437
[320] Whitespace " " @437..438
[321] Eq "=" @438..439
[322] Whitespace " " @439..440
[323] Ident "y" @440..441
[324] Semi ";" @441..442
[325] Whitespace "\n" @442..443
