---
source: crates/pipeline-tests/tests/runner.rs
expression: parse_snap
---
id: tests/snippets/reference/assignment/assignment.qasm
expect-parse: Todo
--- parser ---
ok: false
panicked: false
errors: 3
--- ast ---
SOURCE_FILE@0..201: // lex: ok
// parse: todo
// sema: skip

bit[2] a;
bit[2] b;
creg b[2];
qubit[3] q;
int[10] x = 12;
a[0] = b[1];
x += int[10](a[1]);
measure q[1] -> a[0];
a = measure q[1:2];
measure q[0];
b = a == 0;

CLASSICAL_DECLARATION_STATEMENT@41..50: bit[2] a;
SCALAR_TYPE@41..47: bit[2]
DESIGNATOR@44..47: [2]
LITERAL@45..46: 2
NAME@48..49: a
CLASSICAL_DECLARATION_STATEMENT@51..60: bit[2] b;
SCALAR_TYPE@51..57: bit[2]
DESIGNATOR@54..57: [2]
LITERAL@55..56: 2
NAME@58..59: b
OLD_STYLE_DECLARATION_STATEMENT@61..71: creg b[2];
INDEXED_IDENTIFIER@66..70: b[2]
INDEX_OPERATOR@67..70: [2]
EXPRESSION_LIST@68..69: 2
LITERAL@68..69: 2
QUANTUM_DECLARATION_STATEMENT@72..83: qubit[3] q;
QUBIT_TYPE@72..80: qubit[3]
DESIGNATOR@77..80: [3]
LITERAL@78..79: 3
NAME@81..82: q
CLASSICAL_DECLARATION_STATEMENT@84..99: int[10] x = 12;
SCALAR_TYPE@84..91: int[10]
DESIGNATOR@87..91: [10]
LITERAL@88..90: 10
NAME@92..93: x
LITERAL@96..98: 12
ASSIGNMENT_STMT@100..112: a[0] = b[1];
INDEXED_IDENTIFIER@100..104: a[0]
IDENTIFIER@100..101: a
INDEX_OPERATOR@101..104: [0]
EXPRESSION_LIST@102..103: 0
LITERAL@102..103: 0
INDEXED_IDENTIFIER@107..111: b[1]
IDENTIFIER@107..108: b
INDEX_OPERATOR@108..111: [1]
EXPRESSION_LIST@109..110: 1
LITERAL@109..110: 1
EXPR_STMT@113..132: x += int[10](a[1]);
BIN_EXPR@113..131: x += int[10](a[1])
IDENTIFIER@113..114: x
CAST_EXPRESSION@118..131: int[10](a[1])
SCALAR_TYPE@118..125: int[10]
DESIGNATOR@121..125: [10]
LITERAL@122..124: 10
INDEXED_IDENTIFIER@126..130: a[1]
IDENTIFIER@126..127: a
INDEX_OPERATOR@127..130: [1]
EXPRESSION_LIST@128..129: 1
LITERAL@128..129: 1
EXPR_STMT@133..148: measure q[1] ->
BIN_EXPR@133..148: measure q[1] ->
MEASURE_EXPRESSION@133..145: measure q[1]
INDEXED_IDENTIFIER@141..145: q[1]
IDENTIFIER@141..142: q
INDEX_OPERATOR@142..145: [1]
EXPRESSION_LIST@143..144: 1
LITERAL@143..144: 1
ERROR@147..148: >
EXPR_STMT@149..154: a[0];
INDEXED_IDENTIFIER@149..153: a[0]
IDENTIFIER@149..150: a
INDEX_OPERATOR@150..153: [0]
EXPRESSION_LIST@151..152: 0
LITERAL@151..152: 0
ASSIGNMENT_STMT@155..174: a = measure q[1:2];
IDENTIFIER@155..156: a
MEASURE_EXPRESSION@159..173: measure q[1:2]
INDEXED_IDENTIFIER@167..173: q[1:2]
IDENTIFIER@167..168: q
INDEX_OPERATOR@168..173: [1:2]
EXPRESSION_LIST@169..172: 1:2
RANGE_EXPR@169..172: 1:2
LITERAL@169..170: 1
LITERAL@171..172: 2
EXPR_STMT@175..188: measure q[0];
MEASURE_EXPRESSION@175..187: measure q[0]
INDEXED_IDENTIFIER@183..187: q[0]
IDENTIFIER@183..184: q
INDEX_OPERATOR@184..187: [0]
EXPRESSION_LIST@185..186: 0
LITERAL@185..186: 0
EXPR_STMT@189..200: b = a == 0;
BIN_EXPR@189..199: b = a == 0
ASSIGNMENT_STMT@189..194: b = a
IDENTIFIER@189..190: b
IDENTIFIER@193..194: a
LITERAL@198..199: 0
