---
source: crates/pipeline-tests/tests/runner.rs
expression: lex_snap
---
id: tests/snippets/reference/declaration/array.qasm
expect-lex: Ok
--- source ---

array[uint[16], 1] x;
array[int[8], 4] x;
array[float[64], 4, 2] x;
array[angle[32], 4, 3, 2] x;
array[complex[float[32]], 4] x;
array[bool, 3] x;
array[int[8], 4] x = {1, 2, 3, 4};
array[int[8], 4] x = y;
array[int[8], 2] x = {y, y+y};
array[uint[32], 2, 2] x = {{3, 4}, {2-3, 5*y}};
array[uint[32], 2, 2] x = {z, {2-3, 5*y}};
array[uint[32], 2, 2] x = {2*z, {1, 2}};
array[uint[32], 2, 2] x = y;
--- lexer ---
ok: true
errors: 0
[0] Whitespace "\n" @0..1
[1] Ident "array" @1..6
[2] OpenBracket "[" @6..7
[3] Ident "uint" @7..11
[4] OpenBracket "[" @11..12
[5] Literal { kind: Int { base: Decimal, empty_int: false }, suffix_start: 2 } "16" @12..14
[6] CloseBracket "]" @14..15
[7] Comma "," @15..16
[8] Whitespace " " @16..17
[9] Literal { kind: Int { base: Decimal, empty_int: false }, suffix_start: 1 } "1" @17..18
[10] CloseBracket "]" @18..19
[11] Whitespace " " @19..20
[12] Ident "x" @20..21
[13] Semi ";" @21..22
[14] Whitespace "\n" @22..23
[15] Ident "array" @23..28
[16] OpenBracket "[" @28..29
[17] Ident "int" @29..32
[18] OpenBracket "[" @32..33
[19] Literal { kind: Int { base: Decimal, empty_int: false }, suffix_start: 1 } "8" @33..34
[20] CloseBracket "]" @34..35
[21] Comma "," @35..36
[22] Whitespace " " @36..37
[23] Literal { kind: Int { base: Decimal, empty_int: false }, suffix_start: 1 } "4" @37..38
[24] CloseBracket "]" @38..39
[25] Whitespace " " @39..40
[26] Ident "x" @40..41
[27] Semi ";" @41..42
[28] Whitespace "\n" @42..43
[29] Ident "array" @43..48
[30] OpenBracket "[" @48..49
[31] Ident "float" @49..54
[32] OpenBracket "[" @54..55
[33] Literal { kind: Int { base: Decimal, empty_int: false }, suffix_start: 2 } "64" @55..57
[34] CloseBracket "]" @57..58
[35] Comma "," @58..59
[36] Whitespace " " @59..60
[37] Literal { kind: Int { base: Decimal, empty_int: false }, suffix_start: 1 } "4" @60..61
[38] Comma "," @61..62
[39] Whitespace " " @62..63
[40] Literal { kind: Int { base: Decimal, empty_int: false }, suffix_start: 1 } "2" @63..64
[41] CloseBracket "]" @64..65
[42] Whitespace " " @65..66
[43] Ident "x" @66..67
[44] Semi ";" @67..68
[45] Whitespace "\n" @68..69
[46] Ident "array" @69..74
[47] OpenBracket "[" @74..75
[48] Ident "angle" @75..80
[49] OpenBracket "[" @80..81
[50] Literal { kind: Int { base: Decimal, empty_int: false }, suffix_start: 2 } "32" @81..83
[51] CloseBracket "]" @83..84
[52] Comma "," @84..85
[53] Whitespace " " @85..86
[54] Literal { kind: Int { base: Decimal, empty_int: false }, suffix_start: 1 } "4" @86..87
[55] Comma "," @87..88
[56] Whitespace " " @88..89
[57] Literal { kind: Int { base: Decimal, empty_int: false }, suffix_start: 1 } "3" @89..90
[58] Comma "," @90..91
[59] Whitespace " " @91..92
[60] Literal { kind: Int { base: Decimal, empty_int: false }, suffix_start: 1 } "2" @92..93
[61] CloseBracket "]" @93..94
[62] Whitespace " " @94..95
[63] Ident "x" @95..96
[64] Semi ";" @96..97
[65] Whitespace "\n" @97..98
[66] Ident "array" @98..103
[67] OpenBracket "[" @103..104
[68] Ident "complex" @104..111
[69] OpenBracket "[" @111..112
[70] Ident "float" @112..117
[71] OpenBracket "[" @117..118
[72] Literal { kind: Int { base: Decimal, empty_int: false }, suffix_start: 2 } "32" @118..120
[73] CloseBracket "]" @120..121
[74] CloseBracket "]" @121..122
[75] Comma "," @122..123
[76] Whitespace " " @123..124
[77] Literal { kind: Int { base: Decimal, empty_int: false }, suffix_start: 1 } "4" @124..125
[78] CloseBracket "]" @125..126
[79] Whitespace " " @126..127
[80] Ident "x" @127..128
[81] Semi ";" @128..129
[82] Whitespace "\n" @129..130
[83] Ident "array" @130..135
[84] OpenBracket "[" @135..136
[85] Ident "bool" @136..140
[86] Comma "," @140..141
[87] Whitespace " " @141..142
[88] Literal { kind: Int { base: Decimal, empty_int: false }, suffix_start: 1 } "3" @142..143
[89] CloseBracket "]" @143..144
[90] Whitespace " " @144..145
[91] Ident "x" @145..146
[92] Semi ";" @146..147
[93] Whitespace "\n" @147..148
[94] Ident "array" @148..153
[95] OpenBracket "[" @153..154
[96] Ident "int" @154..157
[97] OpenBracket "[" @157..158
[98] Literal { kind: Int { base: Decimal, empty_int: false }, suffix_start: 1 } "8" @158..159
[99] CloseBracket "]" @159..160
[100] Comma "," @160..161
[101] Whitespace " " @161..162
[102] Literal { kind: Int { base: Decimal, empty_int: false }, suffix_start: 1 } "4" @162..163
[103] CloseBracket "]" @163..164
[104] Whitespace " " @164..165
[105] Ident "x" @165..166
[106] Whitespace " " @166..167
[107] Eq "=" @167..168
[108] Whitespace " " @168..169
[109] OpenBrace "{" @169..170
[110] Literal { kind: Int { base: Decimal, empty_int: false }, suffix_start: 1 } "1" @170..171
[111] Comma "," @171..172
[112] Whitespace " " @172..173
[113] Literal { kind: Int { base: Decimal, empty_int: false }, suffix_start: 1 } "2" @173..174
[114] Comma "," @174..175
[115] Whitespace " " @175..176
[116] Literal { kind: Int { base: Decimal, empty_int: false }, suffix_start: 1 } "3" @176..177
[117] Comma "," @177..178
[118] Whitespace " " @178..179
[119] Literal { kind: Int { base: Decimal, empty_int: false }, suffix_start: 1 } "4" @179..180
[120] CloseBrace "}" @180..181
[121] Semi ";" @181..182
[122] Whitespace "\n" @182..183
[123] Ident "array" @183..188
[124] OpenBracket "[" @188..189
[125] Ident "int" @189..192
[126] OpenBracket "[" @192..193
[127] Literal { kind: Int { base: Decimal, empty_int: false }, suffix_start: 1 } "8" @193..194
[128] CloseBracket "]" @194..195
[129] Comma "," @195..196
[130] Whitespace " " @196..197
[131] Literal { kind: Int { base: Decimal, empty_int: false }, suffix_start: 1 } "4" @197..198
[132] CloseBracket "]" @198..199
[133] Whitespace " " @199..200
[134] Ident "x" @200..201
[135] Whitespace " " @201..202
[136] Eq "=" @202..203
[137] Whitespace " " @203..204
[138] Ident "y" @204..205
[139] Semi ";" @205..206
[140] Whitespace "\n" @206..207
[141] Ident "array" @207..212
[142] OpenBracket "[" @212..213
[143] Ident "int" @213..216
[144] OpenBracket "[" @216..217
[145] Literal { kind: Int { base: Decimal, empty_int: false }, suffix_start: 1 } "8" @217..218
[146] CloseBracket "]" @218..219
[147] Comma "," @219..220
[148] Whitespace " " @220..221
[149] Literal { kind: Int { base: Decimal, empty_int: false }, suffix_start: 1 } "2" @221..222
[150] CloseBracket "]" @222..223
[151] Whitespace " " @223..224
[152] Ident "x" @224..225
[153] Whitespace " " @225..226
[154] Eq "=" @226..227
[155] Whitespace " " @227..228
[156] OpenBrace "{" @228..229
[157] Ident "y" @229..230
[158] Comma "," @230..231
[159] Whitespace " " @231..232
[160] Ident "y" @232..233
[161] Plus "+" @233..234
[162] Ident "y" @234..235
[163] CloseBrace "}" @235..236
[164] Semi ";" @236..237
[165] Whitespace "\n" @237..238
[166] Ident "array" @238..243
[167] OpenBracket "[" @243..244
[168] Ident "uint" @244..248
[169] OpenBracket "[" @248..249
[170] Literal { kind: Int { base: Decimal, empty_int: false }, suffix_start: 2 } "32" @249..251
[171] CloseBracket "]" @251..252
[172] Comma "," @252..253
[173] Whitespace " " @253..254
[174] Literal { kind: Int { base: Decimal, empty_int: false }, suffix_start: 1 } "2" @254..255
[175] Comma "," @255..256
[176] Whitespace " " @256..257
[177] Literal { kind: Int { base: Decimal, empty_int: false }, suffix_start: 1 } "2" @257..258
[178] CloseBracket "]" @258..259
[179] Whitespace " " @259..260
[180] Ident "x" @260..261
[181] Whitespace " " @261..262
[182] Eq "=" @262..263
[183] Whitespace " " @263..264
[184] OpenBrace "{" @264..265
[185] OpenBrace "{" @265..266
[186] Literal { kind: Int { base: Decimal, empty_int: false }, suffix_start: 1 } "3" @266..267
[187] Comma "," @267..268
[188] Whitespace " " @268..269
[189] Literal { kind: Int { base: Decimal, empty_int: false }, suffix_start: 1 } "4" @269..270
[190] CloseBrace "}" @270..271
[191] Comma "," @271..272
[192] Whitespace " " @272..273
[193] OpenBrace "{" @273..274
[194] Literal { kind: Int { base: Decimal, empty_int: false }, suffix_start: 1 } "2" @274..275
[195] Minus "-" @275..276
[196] Literal { kind: Int { base: Decimal, empty_int: false }, suffix_start: 1 } "3" @276..277
[197] Comma "," @277..278
[198] Whitespace " " @278..279
[199] Literal { kind: Int { base: Decimal, empty_int: false }, suffix_start: 1 } "5" @279..280
[200] Star "*" @280..281
[201] Ident "y" @281..282
[202] CloseBrace "}" @282..283
[203] CloseBrace "}" @283..284
[204] Semi ";" @284..285
[205] Whitespace "\n" @285..286
[206] Ident "array" @286..291
[207] OpenBracket "[" @291..292
[208] Ident "uint" @292..296
[209] OpenBracket "[" @296..297
[210] Literal { kind: Int { base: Decimal, empty_int: false }, suffix_start: 2 } "32" @297..299
[211] CloseBracket "]" @299..300
[212] Comma "," @300..301
[213] Whitespace " " @301..302
[214] Literal { kind: Int { base: Decimal, empty_int: false }, suffix_start: 1 } "2" @302..303
[215] Comma "," @303..304
[216] Whitespace " " @304..305
[217] Literal { kind: Int { base: Decimal, empty_int: false }, suffix_start: 1 } "2" @305..306
[218] CloseBracket "]" @306..307
[219] Whitespace " " @307..308
[220] Ident "x" @308..309
[221] Whitespace " " @309..310
[222] Eq "=" @310..311
[223] Whitespace " " @311..312
[224] OpenBrace "{" @312..313
[225] Ident "z" @313..314
[226] Comma "," @314..315
[227] Whitespace " " @315..316
[228] OpenBrace "{" @316..317
[229] Literal { kind: Int { base: Decimal, empty_int: false }, suffix_start: 1 } "2" @317..318
[230] Minus "-" @318..319
[231] Literal { kind: Int { base: Decimal, empty_int: false }, suffix_start: 1 } "3" @319..320
[232] Comma "," @320..321
[233] Whitespace " " @321..322
[234] Literal { kind: Int { base: Decimal, empty_int: false }, suffix_start: 1 } "5" @322..323
[235] Star "*" @323..324
[236] Ident "y" @324..325
[237] CloseBrace "}" @325..326
[238] CloseBrace "}" @326..327
[239] Semi ";" @327..328
[240] Whitespace "\n" @328..329
[241] Ident "array" @329..334
[242] OpenBracket "[" @334..335
[243] Ident "uint" @335..339
[244] OpenBracket "[" @339..340
[245] Literal { kind: Int { base: Decimal, empty_int: false }, suffix_start: 2 } "32" @340..342
[246] CloseBracket "]" @342..343
[247] Comma "," @343..344
[248] Whitespace " " @344..345
[249] Literal { kind: Int { base: Decimal, empty_int: false }, suffix_start: 1 } "2" @345..346
[250] Comma "," @346..347
[251] Whitespace " " @347..348
[252] Literal { kind: Int { base: Decimal, empty_int: false }, suffix_start: 1 } "2" @348..349
[253] CloseBracket "]" @349..350
[254] Whitespace " " @350..351
[255] Ident "x" @351..352
[256] Whitespace " " @352..353
[257] Eq "=" @353..354
[258] Whitespace " " @354..355
[259] OpenBrace "{" @355..356
[260] Literal { kind: Int { base: Decimal, empty_int: false }, suffix_start: 1 } "2" @356..357
[261] Star "*" @357..358
[262] Ident "z" @358..359
[263] Comma "," @359..360
[264] Whitespace " " @360..361
[265] OpenBrace "{" @361..362
[266] Literal { kind: Int { base: Decimal, empty_int: false }, suffix_start: 1 } "1" @362..363
[267] Comma "," @363..364
[268] Whitespace " " @364..365
[269] Literal { kind: Int { base: Decimal, empty_int: false }, suffix_start: 1 } "2" @365..366
[270] CloseBrace "}" @366..367
[271] CloseBrace "}" @367..368
[272] Semi ";" @368..369
[273] Whitespace "\n" @369..370
[274] Ident "array" @370..375
[275] OpenBracket "[" @375..376
[276] Ident "uint" @376..380
[277] OpenBracket "[" @380..381
[278] Literal { kind: Int { base: Decimal, empty_int: false }, suffix_start: 2 } "32" @381..383
[279] CloseBracket "]" @383..384
[280] Comma "," @384..385
[281] Whitespace " " @385..386
[282] Literal { kind: Int { base: Decimal, empty_int: false }, suffix_start: 1 } "2" @386..387
[283] Comma "," @387..388
[284] Whitespace " " @388..389
[285] Literal { kind: Int { base: Decimal, empty_int: false }, suffix_start: 1 } "2" @389..390
[286] CloseBracket "]" @390..391
[287] Whitespace " " @391..392
[288] Ident "x" @392..393
[289] Whitespace " " @393..394
[290] Eq "=" @394..395
[291] Whitespace " " @395..396
[292] Ident "y" @396..397
[293] Semi ";" @397..398
[294] Whitespace "\n" @398..399
