---
source: crates/pipeline-tests/tests/runner.rs
expression: parse_snap
---
id: tests/snippets/reference/declaration/array.qasm
expect-parse: Ok
--- parser ---
ok: true
panicked: false
errors: 0
--- ast ---
SOURCE_FILE@0..399: 
array[uint[16], 1] x;
array[int[8], 4] x;
array[float[64], 4, 2] x;
array[angle[32], 4, 3, 2] x;
array[complex[float[32]], 4] x;
array[bool, 3] x;
array[int[8], 4] x = {1, 2, 3, 4};
array[int[8], 4] x = y;
array[int[8], 2] x = {y, y+y};
array[uint[32], 2, 2] x = {{3, 4}, {2-3, 5*y}};
array[uint[32], 2, 2] x = {z, {2-3, 5*y}};
array[uint[32], 2, 2] x = {2*z, {1, 2}};
array[uint[32], 2, 2] x = y;

CLASSICAL_DECLARATION_STATEMENT@1..22: array[uint[16], 1] x;
ARRAY_TYPE@1..19: array[uint[16], 1]
SCALAR_TYPE@7..15: uint[16]
DESIGNATOR@11..15: [16]
LITERAL@12..14: 16
LITERAL@17..18: 1
NAME@20..21: x
CLASSICAL_DECLARATION_STATEMENT@23..42: array[int[8], 4] x;
ARRAY_TYPE@23..39: array[int[8], 4]
SCALAR_TYPE@29..35: int[8]
DESIGNATOR@32..35: [8]
LITERAL@33..34: 8
LITERAL@37..38: 4
NAME@40..41: x
CLASSICAL_DECLARATION_STATEMENT@43..68: array[float[64], 4, 2] x;
ARRAY_TYPE@43..65: array[float[64], 4, 2]
SCALAR_TYPE@49..58: float[64]
DESIGNATOR@54..58: [64]
LITERAL@55..57: 64
LITERAL@60..61: 4
LITERAL@63..64: 2
NAME@66..67: x
CLASSICAL_DECLARATION_STATEMENT@69..97: array[angle[32], 4, 3, 2] x;
ARRAY_TYPE@69..94: array[angle[32], 4, 3, 2]
SCALAR_TYPE@75..84: angle[32]
DESIGNATOR@80..84: [32]
LITERAL@81..83: 32
LITERAL@86..87: 4
LITERAL@89..90: 3
LITERAL@92..93: 2
NAME@95..96: x
CLASSICAL_DECLARATION_STATEMENT@98..129: array[complex[float[32]], 4] x;
ARRAY_TYPE@98..126: array[complex[float[32]], 4]
SCALAR_TYPE@104..122: complex[float[32]]
SCALAR_TYPE@112..121: float[32]
DESIGNATOR@117..121: [32]
LITERAL@118..120: 32
LITERAL@124..125: 4
NAME@127..128: x
CLASSICAL_DECLARATION_STATEMENT@130..147: array[bool, 3] x;
ARRAY_TYPE@130..144: array[bool, 3]
SCALAR_TYPE@136..140: bool
LITERAL@142..143: 3
NAME@145..146: x
CLASSICAL_DECLARATION_STATEMENT@148..182: array[int[8], 4] x = {1, 2, 3, 4};
ARRAY_TYPE@148..164: array[int[8], 4]
SCALAR_TYPE@154..160: int[8]
DESIGNATOR@157..160: [8]
LITERAL@158..159: 8
LITERAL@162..163: 4
NAME@165..166: x
ARRAY_LITERAL@169..181: {1, 2, 3, 4}
LITERAL@170..171: 1
LITERAL@173..174: 2
LITERAL@176..177: 3
LITERAL@179..180: 4
CLASSICAL_DECLARATION_STATEMENT@183..206: array[int[8], 4] x = y;
ARRAY_TYPE@183..199: array[int[8], 4]
SCALAR_TYPE@189..195: int[8]
DESIGNATOR@192..195: [8]
LITERAL@193..194: 8
LITERAL@197..198: 4
NAME@200..201: x
IDENTIFIER@204..205: y
CLASSICAL_DECLARATION_STATEMENT@207..237: array[int[8], 2] x = {y, y+y};
ARRAY_TYPE@207..223: array[int[8], 2]
SCALAR_TYPE@213..219: int[8]
DESIGNATOR@216..219: [8]
LITERAL@217..218: 8
LITERAL@221..222: 2
NAME@224..225: x
ARRAY_LITERAL@228..236: {y, y+y}
IDENTIFIER@229..230: y
BIN_EXPR@232..235: y+y
IDENTIFIER@232..233: y
IDENTIFIER@234..235: y
CLASSICAL_DECLARATION_STATEMENT@238..285: array[uint[32], 2, 2] x = {{3, 4}, {2-3, 5*y}};
ARRAY_TYPE@238..259: array[uint[32], 2, 2]
SCALAR_TYPE@244..252: uint[32]
DESIGNATOR@248..252: [32]
LITERAL@249..251: 32
LITERAL@254..255: 2
LITERAL@257..258: 2
NAME@260..261: x
ARRAY_LITERAL@264..284: {{3, 4}, {2-3, 5*y}}
ARRAY_LITERAL@265..271: {3, 4}
LITERAL@266..267: 3
LITERAL@269..270: 4
ARRAY_LITERAL@273..283: {2-3, 5*y}
BIN_EXPR@274..277: 2-3
LITERAL@274..275: 2
LITERAL@276..277: 3
BIN_EXPR@279..282: 5*y
LITERAL@279..280: 5
IDENTIFIER@281..282: y
CLASSICAL_DECLARATION_STATEMENT@286..328: array[uint[32], 2, 2] x = {z, {2-3, 5*y}};
ARRAY_TYPE@286..307: array[uint[32], 2, 2]
SCALAR_TYPE@292..300: uint[32]
DESIGNATOR@296..300: [32]
LITERAL@297..299: 32
LITERAL@302..303: 2
LITERAL@305..306: 2
NAME@308..309: x
ARRAY_LITERAL@312..327: {z, {2-3, 5*y}}
IDENTIFIER@313..314: z
ARRAY_LITERAL@316..326: {2-3, 5*y}
BIN_EXPR@317..320: 2-3
LITERAL@317..318: 2
LITERAL@319..320: 3
BIN_EXPR@322..325: 5*y
LITERAL@322..323: 5
IDENTIFIER@324..325: y
CLASSICAL_DECLARATION_STATEMENT@329..369: array[uint[32], 2, 2] x = {2*z, {1, 2}};
ARRAY_TYPE@329..350: array[uint[32], 2, 2]
SCALAR_TYPE@335..343: uint[32]
DESIGNATOR@339..343: [32]
LITERAL@340..342: 32
LITERAL@345..346: 2
LITERAL@348..349: 2
NAME@351..352: x
ARRAY_LITERAL@355..368: {2*z, {1, 2}}
BIN_EXPR@356..359: 2*z
LITERAL@356..357: 2
IDENTIFIER@358..359: z
ARRAY_LITERAL@361..367: {1, 2}
LITERAL@362..363: 1
LITERAL@365..366: 2
CLASSICAL_DECLARATION_STATEMENT@370..398: array[uint[32], 2, 2] x = y;
ARRAY_TYPE@370..391: array[uint[32], 2, 2]
SCALAR_TYPE@376..384: uint[32]
DESIGNATOR@380..384: [32]
LITERAL@381..383: 32
LITERAL@386..387: 2
LITERAL@389..390: 2
NAME@392..393: x
IDENTIFIER@396..397: y
