---
source: crates/pipeline-tests/tests/runner.rs
expression: parse_snap
---
id: tests/snippets/reference/declaration/declaration.qasm
expect-parse: Ok
--- parser ---
ok: true
panicked: false
errors: 0
--- ast ---
SOURCE_FILE@0..606: // lex: ok
// parse: ok
// sema: panic

// beware the tab character in dur4 = 8 ns below
  int[10] x;
  int[10] y;
  uint[32] z = 0xFa_1F;
  uint[32] z = 0XFa_1F;
  uint[16] z = 0o12_34;
  uint[16] z = 0b1001_1001;
  uint[16] z = 0B1001_1001;
  uint x;
  qubit[6] q1;
  qubit q2;
  bit[4] b1="0100";
  bit[8] b2="1001_0100";
  bit b2 = "1";
  bool m=true;
  bool n=bool(b2);
  bool o=false;
  const float[64] c = 5.5e3;
  const float[64] d=5;
  float[32] f = .1e+3;
  duration dur = 1000dt;
  duration dur2 = dur + 200ns;
  duration dur3 = 10 ms;
  duration dur4 = 8	us;
  duration dur5 = 1s;
  stretch s;

CLASSICAL_DECLARATION_STATEMENT@91..101: int[10] x;
SCALAR_TYPE@91..98: int[10]
DESIGNATOR@94..98: [10]
LITERAL@95..97: 10
NAME@99..100: x
CLASSICAL_DECLARATION_STATEMENT@104..114: int[10] y;
SCALAR_TYPE@104..111: int[10]
DESIGNATOR@107..111: [10]
LITERAL@108..110: 10
NAME@112..113: y
CLASSICAL_DECLARATION_STATEMENT@117..138: uint[32] z = 0xFa_1F;
SCALAR_TYPE@117..125: uint[32]
DESIGNATOR@121..125: [32]
LITERAL@122..124: 32
NAME@126..127: z
LITERAL@130..137: 0xFa_1F
CLASSICAL_DECLARATION_STATEMENT@141..162: uint[32] z = 0XFa_1F;
SCALAR_TYPE@141..149: uint[32]
DESIGNATOR@145..149: [32]
LITERAL@146..148: 32
NAME@150..151: z
LITERAL@154..161: 0XFa_1F
CLASSICAL_DECLARATION_STATEMENT@165..186: uint[16] z = 0o12_34;
SCALAR_TYPE@165..173: uint[16]
DESIGNATOR@169..173: [16]
LITERAL@170..172: 16
NAME@174..175: z
LITERAL@178..185: 0o12_34
CLASSICAL_DECLARATION_STATEMENT@189..214: uint[16] z = 0b1001_1001;
SCALAR_TYPE@189..197: uint[16]
DESIGNATOR@193..197: [16]
LITERAL@194..196: 16
NAME@198..199: z
LITERAL@202..213: 0b1001_1001
CLASSICAL_DECLARATION_STATEMENT@217..242: uint[16] z = 0B1001_1001;
SCALAR_TYPE@217..225: uint[16]
DESIGNATOR@221..225: [16]
LITERAL@222..224: 16
NAME@226..227: z
LITERAL@230..241: 0B1001_1001
CLASSICAL_DECLARATION_STATEMENT@245..252: uint x;
SCALAR_TYPE@245..249: uint
NAME@250..251: x
QUANTUM_DECLARATION_STATEMENT@255..267: qubit[6] q1;
QUBIT_TYPE@255..263: qubit[6]
DESIGNATOR@260..263: [6]
LITERAL@261..262: 6
NAME@264..266: q1
QUANTUM_DECLARATION_STATEMENT@270..279: qubit q2;
QUBIT_TYPE@270..275: qubit
NAME@276..278: q2
CLASSICAL_DECLARATION_STATEMENT@282..299: bit[4] b1="0100";
SCALAR_TYPE@282..288: bit[4]
DESIGNATOR@285..288: [4]
LITERAL@286..287: 4
NAME@289..291: b1
LITERAL@292..298: "0100"
CLASSICAL_DECLARATION_STATEMENT@302..324: bit[8] b2="1001_0100";
SCALAR_TYPE@302..308: bit[8]
DESIGNATOR@305..308: [8]
LITERAL@306..307: 8
NAME@309..311: b2
LITERAL@312..323: "1001_0100"
CLASSICAL_DECLARATION_STATEMENT@327..340: bit b2 = "1";
SCALAR_TYPE@327..330: bit
NAME@331..333: b2
LITERAL@336..339: "1"
CLASSICAL_DECLARATION_STATEMENT@343..355: bool m=true;
SCALAR_TYPE@343..347: bool
NAME@348..349: m
LITERAL@350..354: true
CLASSICAL_DECLARATION_STATEMENT@358..374: bool n=bool(b2);
SCALAR_TYPE@358..362: bool
NAME@363..364: n
CAST_EXPRESSION@365..373: bool(b2)
SCALAR_TYPE@365..369: bool
IDENTIFIER@370..372: b2
CLASSICAL_DECLARATION_STATEMENT@377..390: bool o=false;
SCALAR_TYPE@377..381: bool
NAME@382..383: o
LITERAL@384..389: false
CLASSICAL_DECLARATION_STATEMENT@393..419: const float[64] c = 5.5e3;
SCALAR_TYPE@399..408: float[64]
DESIGNATOR@404..408: [64]
LITERAL@405..407: 64
NAME@409..410: c
LITERAL@413..418: 5.5e3
CLASSICAL_DECLARATION_STATEMENT@422..442: const float[64] d=5;
SCALAR_TYPE@428..437: float[64]
DESIGNATOR@433..437: [64]
LITERAL@434..436: 64
NAME@438..439: d
LITERAL@440..441: 5
CLASSICAL_DECLARATION_STATEMENT@445..465: float[32] f = .1e+3;
SCALAR_TYPE@445..454: float[32]
DESIGNATOR@450..454: [32]
LITERAL@451..453: 32
NAME@455..456: f
LITERAL@459..464: .1e+3
CLASSICAL_DECLARATION_STATEMENT@468..490: duration dur = 1000dt;
SCALAR_TYPE@468..476: duration
NAME@477..480: dur
TIMING_LITERAL@483..489: 1000dt
LITERAL@483..487: 1000
IDENTIFIER@487..489: dt
CLASSICAL_DECLARATION_STATEMENT@493..521: duration dur2 = dur + 200ns;
SCALAR_TYPE@493..501: duration
NAME@502..506: dur2
BIN_EXPR@509..520: dur + 200ns
IDENTIFIER@509..512: dur
TIMING_LITERAL@515..520: 200ns
LITERAL@515..518: 200
IDENTIFIER@518..520: ns
CLASSICAL_DECLARATION_STATEMENT@524..546: duration dur3 = 10 ms;
SCALAR_TYPE@524..532: duration
NAME@533..537: dur3
TIMING_LITERAL@540..545: 10 ms
LITERAL@540..542: 10
IDENTIFIER@543..545: ms
CLASSICAL_DECLARATION_STATEMENT@549..570: duration dur4 = 8	us;
SCALAR_TYPE@549..557: duration
NAME@558..562: dur4
TIMING_LITERAL@565..569: 8	us
LITERAL@565..566: 8
IDENTIFIER@567..569: us
CLASSICAL_DECLARATION_STATEMENT@573..592: duration dur5 = 1s;
SCALAR_TYPE@573..581: duration
NAME@582..586: dur5
TIMING_LITERAL@589..591: 1s
LITERAL@589..590: 1
IDENTIFIER@590..591: s
CLASSICAL_DECLARATION_STATEMENT@595..605: stretch s;
SCALAR_TYPE@595..602: stretch
NAME@603..604: s
