---
source: crates/pipeline-tests/tests/runner.rs
expression: parse_snap
---
id: tests/snippets/reference/control_flow/branching.qasm
expect-parse: Ok
--- parser ---
ok: true
panicked: false
errors: 0
--- ast ---
SOURCE_FILE@0..96: 
include "stdgates.inc";
if (x == a) {
  for uint i in [0:2:4] x[i] += 1;
}
else CX x[0], x[1];

INCLUDE@1..24: include "stdgates.inc";
FILE_PATH@9..23: "stdgates.inc"
IF_STMT@25..95: if (x == a) {
  for uint i in [0:2:4] x[i] += 1;
}
else CX x[0], x[1];
BIN_EXPR@29..35: x == a
IDENTIFIER@29..30: x
IDENTIFIER@34..35: a
BLOCK_EXPR@37..75: {
  for uint i in [0:2:4] x[i] += 1;
}
FOR_STMT@41..73: for uint i in [0:2:4] x[i] += 1;
SCALAR_TYPE@45..49: uint
NAME@50..51: i
FOR_ITERABLE@55..62: [0:2:4]
RANGE_EXPR@55..62: [0:2:4]
LITERAL@56..57: 0
LITERAL@58..59: 2
LITERAL@60..61: 4
EXPR_STMT@63..73: x[i] += 1;
BIN_EXPR@63..72: x[i] += 1
INDEXED_IDENTIFIER@63..67: x[i]
IDENTIFIER@63..64: x
INDEX_OPERATOR@64..67: [i]
EXPRESSION_LIST@65..66: i
IDENTIFIER@65..66: i
LITERAL@71..72: 1
EXPR_STMT@81..95: CX x[0], x[1];
GATE_CALL_EXPR@81..94: CX x[0], x[1]
IDENTIFIER@81..83: CX
QUBIT_LIST@84..94: x[0], x[1]
INDEXED_IDENTIFIER@84..88: x[0]
IDENTIFIER@84..85: x
INDEX_OPERATOR@85..88: [0]
EXPRESSION_LIST@86..87: 0
LITERAL@86..87: 0
INDEXED_IDENTIFIER@90..94: x[1]
IDENTIFIER@90..91: x
INDEX_OPERATOR@91..94: [1]
EXPRESSION_LIST@92..93: 1
LITERAL@92..93: 1
