---
source: crates/pipeline-tests/tests/runner.rs
expression: sema_snap
---
id: tests/snippets/reference/declaration/complex2.qasm
expect-sema: Todo
--- sema ---
ok: false
panicked: false
errors: 1
--- asg ---
DeclareClassical(DeclareClassical { name: Ok(SymbolId(7)), initializer: Some(TExpr { expression: BinaryExpr(BinaryExpr { op: ConcatenationOp, left: TExpr { expression: Identifier(Err(MissingBinding)), ty: Undefined }, right: TExpr { expression: Identifier(Err(MissingBinding)), ty: Undefined } }), ty: ToDo }) })
